44.507996\neb76fba8c946:231196:235877 [1] NCCL INFO AllGather: opCount a4 sendbuff 0x645200000 recvbuff 0x620000000 count 76032 datatype 0 op 0 root 0 comm 0x12b18d40 [nranks=4] stream
0xb377ee0\neb76fba8c946:231195:235878 [0] NCCL INFO AllGather: opCount a5 sendbuff 0x645200000 recvbuff 0x620000000 count 76032 datatype 0 op 0 root 0 comm 0x125e5b40 [nranks=4] stream
0xa2cbd00\neb76fba8c946:231195:235878 [0] NCCL INFO 304128 Bytes -> Algo 1 proto 2 time
44.507996\neb76fba8c946:231197:235876 [2] NCCL INFO AllGather: opCount a5 sendbuff 0x645200000 recvbuff 0x620000000 count 76032 datatype 0 op 0 root 0 comm 0x11e5d3e0 [nranks=4] stream
0xa721040\neb76fba8c946:231196:235877 [1] NCCL INFO AllGather: opCount a5 sendbuff 0x645200000 recvbuff 0x620000000 count 76032 datatype 0 op 0 root 0 comm 0x12b18d40 [nranks=4] stream
0xb377ee0\neb76fba8c946:231198:235879 [3] NCCL INFO AllGather: opCount a5 sendbuff 0x645200000 recvbuff 0x620000000 count 76032 datatype 0 op 0 root 0 comm 0x11fde5b0 [nranks=4] stream
0xa1484d0\neb76fba8c946:231198:235879 [3] NCCL INFO AllGather: opCount a6 sendbuff 0x645200000 recvbuff 0x620000000 count 76032 datatype 0 op 0 root 0 comm 0x11fde5b0 [nranks=4] stream
0xa1484d0\neb76fba8c946:231197:235876 [2] NCCL INFO AllGather: opCount a6 sendbuff 0x645200000 recvbuff 0x620000000 count 76032 datatype 0 op 0 root 0 comm 0x11e5d3e0 [nranks=4] stream
0xa721040\neb76fba8c946:231195:235878 [0] NCCL INFO AllGather: opCount a6 sendbuff 0x645200000 recvbuff 0x620000000 count 76032 datatype 0 op 0 root 0 comm 0x125e5b40 [nranks=4] stream
0xa2cbd00\neb76fba8c946:231195:235878 [0] NCCL INFO 304128 Bytes -> Algo 1 proto 2 time
44.507996\neb76fba8c946:231196:235877 [1] NCCL INFO AllGather: opCount a6 sendbuff 0x645200000 recvbuff 0x620000000 count 76032 datatype 0 op 0 root 0 comm 0x12b18d40 [nranks=4] stream
0xb377ee0\neb76fba8c946:231198:235879 [3] NCCL INFO AllGather: opCount a7 sendbuff 0x645200000 recvbuff 0x620000000 count 76032 datatype 0 op 0 root 0 comm 0x11fde5b0 [nranks=4] stream
0xa1484d0\neb76fba8c946:231197:235876 [2] NCCL INFO AllGather: opCount a7 sendbuff 0x645200000 recvbuff 0x620000000 count 76032 datatype 0 op 0 root 0 comm 0x11e5d3e0 [nranks=4] stream
0xa721040\neb76fba8c946:231195:235878 [0] NCCL INFO AllGather: opCount a7 sendbuff 0x645200000 recvbuff 0x620000000 count 76032 datatype 0 op 0 root 0 comm 0x125e5b40 [nranks=4] stream
0xa2cbd00\neb76fba8c946:231195:235878 [0] NCCL INFO 304128 Bytes -> Algo 1 proto 2 time
44.507996\neb76fba8c946:231196:235877 [1] NCCL INFO AllGather: opCount a7 sendbuff 0x645200000 recvbuff 0x620000000 count 76032 datatype 0 op 0 root 0 comm 0x12b18d40 [nranks=4] stream
0xb377ee0\neb76fba8c946:231197:235876 [2] NCCL INFO AllGather: opCount a8 sendbuff 0x645200000 recvbuff 0x620000000 count 76032 datatype 0 op 0 root 0 comm 0x11e5d3e0 [nranks=4] stream
0xa721040\neb76fba8c946:231198:235879 [3] NCCL INFO AllGather: opCount a8 sendbuff 0x645200000 recvbuff 0x620000000 count 76032 datatype 0 op 0 root 0 comm 0x11fde5b0 [nranks=4] stream
0xa1484d0\neb76fba8c946:231195:235878 [0] NCCL INFO AllGather: opCount a8 sendbuff 0x645200000 recvbuff 0x620000000 count 76032 datatype 0 op 0 root 0 comm 0x125e5b40 [nranks=4] stream
0xa2cbd00\neb76fba8c946:231195:235878 [0] NCCL INFO 304128 Bytes -> Algo 1 proto 2 time
44.507996\neb76fba8c946:231196:235877 [1] NCCL INFO AllGather: opCount a8 sendbuff 0x645200000 recvbuff 0x620000000 count 76032 datatype 0 op 0 root 0 comm 0x12b18d40 [nranks=4] stream
0xb377ee0\neb76fba8c946:231197:235876 [2] NCCL INFO AllGather: opCount a9 sendbuff 0x645200000 recvbuff 0x620000000 count 76032 datatype 0 op 0 root 0 comm 0x11e5d3e0 [nranks=4] stream
0xa721040\neb76fba8c946:231195:235878 [0] NCCL INFO AllGather: opCount a9 sendbuff 0x645200000 recvbuff 0x620000000 count 76032 datatype 0 op 0 root 0 comm 0x125e5b40 [nranks=4] stream
0xa2cbd00\neb76fba8c946:231195:235878 [0] NCCL INFO 304128 Bytes -> Algo 1 proto 2 time
44.507996\neb76fba8c946:231198:235879 [3] NCCL INFO AllGather: opCount a9 sendbuff 0x645200000 recvbuff 0x620000000 count 76032 datatype 0 op 0 root 0 comm 0x11fde5b0 [nranks=4] stream
0xa1484d0\neb76fba8c946:231196:235877 [1] NCCL INFO AllGather: opCount a9 sendbuff 0x645200000 recvbuff 0x620000000 count 76032 datatype 0 op 0 root 0 comm 0x12b18d40 [nranks=4] stream
0xb377ee0\neb76fba8c946:231197:235876 [2] NCCL INFO AllGather: opCount aa sendbuff 0x645200000 recvbuff 0x620000000 count 76032 datatype 0 op 0 root 0 comm 0x11e5d3e0 [nranks=4] stream
0xa721040\neb76fba8c946:231198:235879 [3] NCCL INFO AllGather: opCount aa sendbuff 0x645200000 recvbuff 0x620000000 count 76032 datatype 0 op 0 root 0 comm 0x11fde5b0 [nranks=4] stream
0xa1484d0\neb76fba8c946:231195:235878 [0] NCCL INFO AllGather: opCount aa sendbuff 0x645200000 recvbuff 0x620000000 count 76032 datatype 0 op 0 root 0 comm 0x125e5b40 [nranks=4] stream
0xa2cbd00\neb76fba8c946:231195:235878 [0] NCCL INFO 304128 Bytes -> Algo 1 proto 2 time
44.507996\neb76fba8c946:231196:235877 [1] NCCL INFO AllGather: opCount aa sendbuff 0x645200000 recvbuff 0x620000000 count 76032 datatype 0 op 0 root 0 comm 0x12b18d40 [nranks=4] stream
0xb377ee0\neb76fba8c946:231197:235876 [2] NCCL INFO AllGather: opCount ab sendbuff 0x645200000 recvbuff 0x620000000 count 76032 datatype 0 op 0 root 0 comm 0x11e5d3e0 [nranks=4] stream
0xa721040\neb76fba8c946:231195:235878 [0] NCCL INFO AllGather: opCount ab sendbuff 0x645200000 recvbuff 0x620000000 count 76032 datatype 0 op 0 root 0 comm 0x125e5b40 [nranks=4] stream
0xa2cbd00\neb76fba8c946:231195:235878 [0] NCCL INFO 304128 Bytes -> Algo 1 proto 2 time
44.507996\neb76fba8c946:231198:235879 [3] NCCL INFO AllGather: opCount ab sendbuff 0x645200000 recvbuff 0x620000000 count 76032 datatype 0 op 0 root 0 comm 0x11fde5b0 [nranks=4] stream
0xa1484d0\neb76fba8c946:231196:235877 [1] NCCL INFO AllGather: opCount ab sendbuff 0x645200000 recvbuff 0x620000000 count 76032 datatype 0 op 0 root 0 comm 0x12b18d40 [nranks=4] stream
0xb377ee0\neb76fba8c946:231197:235876 [2] NCCL INFO AllGather: opCount ac sendbuff 0x645200000 recvbuff 0x620000000 count 76032 datatype 0 op 0 root 0 comm 0x11e5d3e0 [nranks=4] stream
0xa721040\neb76fba8c946:231195:235878 [0] NCCL INFO AllGather: opCount ac sendbuff 0x645200000 recvbuff 0x620000000 count 76032 datatype 0 op 0 root 0 comm 0x125e5b40 [nranks=4] stream
0xa2cbd00\neb76fba8c946:231195:235878 [0] NCCL INFO 304128 Bytes -> Algo 1 proto 2 time
44.507996\neb76fba8c946:231198:235879 [3] NCCL INFO AllGather: opCount ac sendbuff 0x645200000 recvbuff 0x620000000 count 76032 datatype 0 op 0 root 0 comm 0x11fde5b0 [nranks=4] stream
0xa1484d0\neb76fba8c946:231196:235877 [1] NCCL INFO AllGather: opCount ac sendbuff 0x645200000 recvbuff 0x620000000 count 76032 datatype 0 op 0 root 0 comm 0x12b18d40 [nranks=4] stream
0xb377ee0\neb76fba8c946:231197:235876 [2] NCCL INFO AllGather: opCount ad sendbuff 0x645200000 recvbuff 0x620000000 count 76032 datatype 0 op 0 root 0 comm 0x11e5d3e0 [nranks=4] stream
0xa721040\neb76fba8c946:231195:235878 [0] NCCL INFO AllGather: opCount ad sendbuff 0x645200000 recvbuff 0x620000000 count 76032 datatype 0 op 0 root 0 comm 0x125e5b40 [nranks=4] stream
0xa2cbd00\neb76fba8c946:231195:235878 [0] NCCL INFO 304128 Bytes -> Algo 1 proto 2 time
44.507996\neb76fba8c946:231198:235879 [3] NCCL INFO AllGather: opCount ad sendbuff 0x645200000 recvbuff 0x620000000 count 76032 datatype 0 op 0 root 0 comm 0x11fde5b0 [nranks=4] stream
0xa1484d0\neb76fba8c946:231196:235877 [1] NCCL INFO AllGather: opCount ad sendbuff 0x645200000 recvbuff 0x620000000 count 76032 datatype 0 op 0 root 0 comm 0x12b18d40 [nranks=4] stream
0xb377ee0\neb76fba8c946:231197:235876 [2] NCCL INFO AllGather: opCount ae sendbuff 0x645200000 recvbuff 0x620000000 count 76032 datatype 0 op 0 root 0 comm 0x11e5d3e0 [nranks=4] stream
0xa721040\neb76fba8c946:231198:235879 [3] NCCL INFO AllGather: opCount ae sendbuff 0x645200000 recvbuff 0x620000000 count 76032 datatype 0 op 0 root 0 comm 0x11fde5b0 [nranks=4] stream
0xa1484d0\neb76fba8c946:231196:235877 [1] NCCL INFO AllGather: opCount ae sendbuff 0x645200000 recvbuff 0x620000000 count 76032 datatype 0 op 0 root 0 comm 0x12b18d40 [nranks=4] stream
0xb377ee0\neb76fba8c946:231195:235878 [0] NCCL INFO AllGather: opCount ae sendbuff 0x645200000 recvbuff 0x620000000 count 76032 datatype 0 op 0 root 0 comm 0x125e5b40 [nranks=4] stream
0xa2cbd00\neb76fba8c946:231195:235878 [0] NCCL INFO 304128 Bytes -> Algo 1 proto 2 time
44.507996\neb76fba8c946:231196:235877 [1] NCCL INFO AllGather: opCount af sendbuff 0x645200000 recvbuff 0x620000000 count 76032 datatype 0 op 0 root 0 comm 0x12b18d40 [nranks=4] stream
0xb377ee0\neb76fba8c946:231197:235876 [2] NCCL INFO AllGather: opCount af sendbuff 0x645200000 recvbuff 0x620000000 count 76032 datatype 0 op 0 root 0 comm 0x11e5d3e0 [nranks=4] stream
0xa721040\neb76fba8c946:231198:235879 [3] NCCL INFO AllGather: opCount af sendbuff 0x645200000 recvbuff 0x620000000 count 76032 datatype 0 op 0 root 0 comm 0x11fde5b0 [nranks=4] stream
0xa1484d0\neb76fba8c946:231195:235878 [0] NCCL INFO AllGather: opCount af sendbuff 0x645200000 recvbuff 0x620000000 count 76032 datatype 0 op 0 root 0 comm 0x125e5b40 [nranks=4] stream
0xa2cbd00\neb76fba8c946:231195:235878 [0] NCCL INFO 304128 Bytes -> Algo 1 proto 2 time
44.507996\neb76fba8c946:231196:235877 [1] NCCL INFO AllGather: opCount b0 sendbuff 0x645200000 recvbuff 0x620000000 count 76032 datatype 0 op 0 root 0 comm 0x12b18d40 [nranks=4] stream
0xb377ee0\neb76fba8c946:231197:235876 [2] NCCL INFO AllGather: opCount b0 sendbuff 0x645200000 recvbuff 0x620000000 count 76032 datatype 0 op 0 root 0 comm 0x11e5d3e0 [nranks=4] stream
0xa721040\neb76fba8c946:231195:235878 [0] NCCL INFO AllGather: opCount b0 sendbuff 0x645200000 recvbuff 0x620000000 count 76032 datatype 0 op 0 root 0 comm 0x125e5b40 [nranks=4] stream
0xa2cbd00\neb76fba8c946:231195:235878 [0] NCCL INFO 304128 Bytes -> Algo 1 proto 2 time
44.507996\neb76fba8c946:231198:235879 [3] NCCL INFO AllGather: opCount b0 sendbuff 0x645200000 recvbuff 0x620000000 count 76032 datatype 0 op 0 root 0 comm 0x11fde5b0 [nranks=4] stream
0xa1484d0\neb76fba8c946:231197:235876 [2] NCCL INFO AllGather: opCount b1 sendbuff 0x645200000 recvbuff 0x620000000 count 76032 datatype 0 op 0 root 0 comm 0x11e5d3e0 [nranks=4] stream
0xa721040\neb76fba8c946:231195:235878 [0] NCCL INFO AllGather: opCount b1 sendbuff 0x645200000 recvbuff 0x620000000 count 76032 datatype 0 op 0 root 0 comm 0x125e5b40 [nranks=4] stream
0xa2cbd00\neb76fba8c946:231195:235878 [0] NCCL INFO 304128 Bytes -> Algo 1 proto 2 time
44.507996\neb76fba8c946:231198:235879 [3] NCCL INFO AllGather: opCount b1 sendbuff 0x645200000 recvbuff 0x620000000 count 76032 datatype 0 op 0 root 0 comm 0x11fde5b0 [nranks=4] stream
0xa1484d0\neb76fba8c946:231196:235877 [1] NCCL INFO AllGather: opCount b1 sendbuff 0x645200000 recvbuff 0x620000000 count 76032 datatype 0 op 0 root 0 comm 0x12b18d40 [nranks=4] stream
0xb377ee0\neb76fba8c946:231195:235878 [0] NCCL INFO AllGather: opCount b2 sendbuff 0x645200000 recvbuff 0x620000000 count 76032 datatype 0 op 0 root 0 comm 0x125e5b40 [nranks=4] stream
0xa2cbd00\neb76fba8c946:231195:235878 [0] NCCL INFO 304128 Bytes -> Algo 1 proto 2 time
44.507996\neb76fba8c946:231196:235877 [1] NCCL INFO AllGather: opCount b2 sendbuff 0x645200000 recvbuff 0x620000000 count 76032 datatype 0 op 0 root 0 comm 0x12b18d40 [nranks=4] stream
0xb377ee0\neb76fba8c946:231197:235876 [2] NCCL INFO AllGather: opCount b2 sendbuff 0x645200000 recvbuff 0x620000000 count 76032 datatype 0 op 0 root 0 comm 0x11e5d3e0 [nranks=4] stream
0xa721040\neb76fba8c946:231198:235879 [3] NCCL INFO AllGather: opCount b2 sendbuff 0x645200000 recvbuff 0x620000000 count 76032 datatype 0 op 0 root 0 comm 0x11fde5b0 [nranks=4] stream
0xa1484d0\neb76fba8c946:231195:235878 [0] NCCL INFO AllGather: opCount b3 sendbuff 0x645200000 recvbuff 0x620000000 count 76032 datatype 0 op 0 root 0 comm 0x125e5b40 [nranks=4] stream
0xa2cbd00\neb76fba8c946:231195:235878 [0] NCCL INFO 304128 Bytes -> Algo 1 proto 2 time
44.507996\neb76fba8c946:231197:235876 [2] NCCL INFO AllGather: opCount b3 sendbuff 0x645200000 recvbuff 0x620000000 count 76032 datatype 0 op 0 root 0 comm 0x11e5d3e0 [nranks=4] stream
0xa721040\neb76fba8c946:231198:235879 [3] NCCL INFO AllGather: opCount b3 sendbuff 0x645200000 recvbuff 0x620000000 count 76032 datatype 0 op 0 root 0 comm 0x11fde5b0 [nranks=4] stream
0xa1484d0\neb76fba8c946:231196:235877 [1] NCCL INFO AllGather: opCount b3 sendbuff 0x645200000 recvbuff 0x620000000 count 76032 datatype 0 op 0 root 0 comm 0x12b18d40 [nranks=4] stream
0xb377ee0\neb76fba8c946:231195:235878 [0] NCCL INFO AllGather: opCount b4 sendbuff 0x645200000 recvbuff 0x620000000 count 76032 datatype 0 op 0 root 0 comm 0x125e5b40 [nranks=4] stream
0xa2cbd00\neb76fba8c946:231195:235878 [0] NCCL INFO 304128 Bytes -> Algo 1 proto 2 time
44.507996\neb76fba8c946:231197:235876 [2] NCCL INFO AllGather: opCount b4 sendbuff 0x645200000 recvbuff 0x620000000 count 76032 datatype 0 op 0 root 0 comm 0x11e5d3e0 [nranks=4] stream
0xa721040\neb76fba8c946:231198:235879 [3] NCCL INFO AllGather: opCount b4 sendbuff 0x645200000 recvbuff 0x620000000 count 76032 datatype 0 op 0 root 0 comm 0x11fde5b0 [nranks=4] stream
0xa1484d0\neb76fba8c946:231196:235877 [1] NCCL INFO AllGather: opCount b4 sendbuff 0x645200000 recvbuff 0x620000000 count 76032 datatype 0 op 0 root 0 comm 0x12b18d40 [nranks=4] stream
0xb377ee0\neb76fba8c946:231197:235876 [2] NCCL INFO AllGather: opCount b5 sendbuff 0x645200000 recvbuff 0x620000000 count 76032 datatype 0 op 0 root 0 comm 0x11e5d3e0 [nranks=4] stream
0xa721040\neb76fba8c946:231198:235879 [3] NCCL INFO AllGather: opCount b5 sendbuff 0x645200000 recvbuff 0x620000000 count 76032 datatype 0 op 0 root 0 comm 0x11fde5b0 [nranks=4] stream
0xa1484d0\neb76fba8c946:231196:235877 [1] NCCL INFO AllGather: opCount b5 sendbuff 0x645200000 recvbuff 0x620000000 count 76032 datatype 0 op 0 root 0 comm 0x12b18d40 [nranks=4] stream
0xb377ee0\neb76fba8c946:231195:235878 [0] NCCL INFO AllGather: opCount b5 sendbuff 0x645200000 recvbuff 0x620000000 count 76032 datatype 0 op 0 root 0 comm 0x125e5b40 [nranks=4] stream
0xa2cbd00\neb76fba8c946:231195:235878 [0] NCCL INFO 304128 Bytes -> Algo 1 proto 2 time
44.507996\neb76fba8c946:231197:235876 [2] NCCL INFO AllGather: opCount b6 sendbuff 0x645200000 recvbuff 0x620000000 count 76032 datatype 0 op 0 root 0 comm 0x11e5d3e0 [nranks=4] stream
0xa721040\neb76fba8c946:231198:235879 [3] NCCL INFO AllGather: opCount b6 sendbuff 0x645200000 recvbuff 0x620000000 count 76032 datatype 0 op 0 root 0 comm 0x11fde5b0 [nranks=4] stream
0xa1484d0\neb76fba8c946:231195:235878 [0] NCCL INFO AllGather: opCount b6 sendbuff 0x645200000 recvbuff 0x620000000 count 76032 datatype 0 op 0 root 0 comm 0x125e5b40 [nranks=4] stream
0xa2cbd00\neb76fba8c946:231195:235878 [0] NCCL INFO 304128 Bytes -> Algo 1 proto 2 time
44.507996\neb76fba8c946:231196:235877 [1] NCCL INFO AllGather: opCount b6 sendbuff 0x645200000 recvbuff 0x620000000 count 76032 datatype 0 op 0 root 0 comm 0x12b18d40 [nranks=4] stream
0xb377ee0\neb76fba8c946:231197:235876 [2] NCCL INFO AllGather: opCount b7 sendbuff 0x645200000 recvbuff 0x620000000 count 76032 datatype 0 op 0 root 0 comm 0x11e5d3e0 [nranks=4] stream
0xa721040\neb76fba8c946:231195:235878 [0] NCCL INFO AllGather: opCount b7 sendbuff 0x645200000 recvbuff 0x620000000 count 76032 datatype 0 op 0 root 0 comm 0x125e5b40 [nranks=4] stream
0xa2cbd00\neb76fba8c946:231198:235879 [3] NCCL INFO AllGather: opCount b7 sendbuff 0x645200000 recvbuff 0x620000000 count 76032 datatype 0 op 0 root 0 comm 0x11fde5b0 [nranks=4] stream
0xa1484d0\neb76fba8c946:231195:235878 [0] NCCL INFO 304128 Bytes -> Algo 1 proto 2 time
44.507996\neb76fba8c946:231196:235877 [1] NCCL INFO AllGather: opCount b7 sendbuff 0x645200000 recvbuff 0x620000000 count 76032 datatype 0 op 0 root 0 comm 0x12b18d40 [nranks=4] stream
0xb377ee0\neb76fba8c946:231197:235876 [2] NCCL INFO AllGather: opCount b8 sendbuff 0x645200000 recvbuff 0x620000000 count 76032 datatype 0 op 0 root 0 comm 0x11e5d3e0 [nranks=4] stream
0xa721040\neb76fba8c946:231195:235878 [0] NCCL INFO AllGather: opCount b8 sendbuff 0x645200000 recvbuff 0x620000000 count 76032 datatype 0 op 0 root 0 comm 0x125e5b40 [nranks=4] stream
0xa2cbd00\neb76fba8c946:231195:235878 [0] NCCL INFO 304128 Bytes -> Algo 1 proto 2 time
44.507996\neb76fba8c946:231198:235879 [3] NCCL INFO AllGather: opCount b8 sendbuff 0x645200000 recvbuff 0x620000000 count 76032 datatype 0 op 0 root 0 comm 0x11fde5b0 [nranks=4] stream
0xa1484d0\neb76fba8c946:231196:235877 [1] NCCL INFO AllGather: opCount b8 sendbuff 0x645200000 recvbuff 0x620000000 count 76032 datatype 0 op 0 root 0 comm 0x12b18d40 [nranks=4] stream
0xb377ee0\neb76fba8c946:231197:235876 [2] NCCL INFO AllGather: opCount b9 sendbuff 0x645200000 recvbuff 0x620000000 count 76032 datatype 0 op 0 root 0 comm 0x11e5d3e0 [nranks=4] stream
0xa721040\neb76fba8c946:231195:235878 [0] NCCL INFO AllGather: opCount b9 sendbuff 0x645200000 recvbuff 0x620000000 count 76032 datatype 0 op 0 root 0 comm 0x125e5b40 [nranks=4] stream
0xa2cbd00\neb76fba8c946:231195:235878 [0] NCCL INFO 304128 Bytes -> Algo 1 proto 2 time
44.507996\neb76fba8c946:231196:235877 [1] NCCL INFO AllGather: opCount b9 sendbuff 0x645200000 recvbuff 0x620000000 count 76032 datatype 0 op 0 root 0 comm 0x12b18d40 [nranks=4] stream
0xb377ee0\neb76fba8c946:231198:235879 [3] NCCL INFO AllGather: opCount b9 sendbuff 0x645200000 recvbuff 0x620000000 count 76032 datatype 0 op 0 root 0 comm 0x11fde5b0 [nranks=4] stream
0xa1484d0\neb76fba8c946:231195:235878 [0] NCCL INFO AllGather: opCount ba sendbuff 0x645200000 recvbuff 0x620000000 count 76032 datatype 0 op 0 root 0 comm 0x125e5b40 [nranks=4] stream
0xa2cbd00\neb76fba8c946:231195:235878 [0] NCCL INFO 304128 Bytes -> Algo 1 proto 2 time
44.507996\neb76fba8c946:231196:235877 [1] NCCL INFO AllGather: opCount ba sendbuff 0x645200000 recvbuff 0x620000000 count 76032 datatype 0 op 0 root 0 comm 0x12b18d40 [nranks=4] stream
0xb377ee0\neb76fba8c946:231197:235876 [2] NCCL INFO AllGather: opCount ba sendbuff 0x645200000 recvbuff 0x620000000 count 76032 datatype 0 op 0 root 0 comm 0x11e5d3e0 [nranks=4] stream
0xa721040\neb76fba8c946:231198:235879 [3] NCCL INFO AllGather: opCount ba sendbuff 0x645200000 recvbuff 0x620000000 count 76032 datatype 0 op 0 root 0 comm 0x11fde5b0 [nranks=4] stream
0xa1484d0\neb76fba8c946:231197:235876 [2] NCCL INFO AllGather: opCount bb sendbuff 0x645200000 recvbuff 0x620000000 count 76032 datatype 0 op 0 root 0 comm 0x11e5d3e0 [nranks=4] stream
0xa721040\neb76fba8c946:231195:235878 [0] NCCL INFO AllGather: opCount bb sendbuff 0x645200000 recvbuff 0x620000000 count 76032 datatype 0 op 0 root 0 comm 0x125e5b40 [nranks=4] stream
0xa2cbd00\neb76fba8c946:231195:235878 [0] NCCL INFO 304128 Bytes -> Algo 1 proto 2 time
44.507996\neb76fba8c946:231198:235879 [3] NCCL INFO AllGather: opCount bb sendbuff 0x645200000 recvbuff 0x620000000 count 76032 datatype 0 op 0 root 0 comm 0x11fde5b0 [nranks=4] stream
0xa1484d0\neb76fba8c946:231196:235877 [1] NCCL INFO AllGather: opCount bb sendbuff 0x645200000 recvbuff 0x620000000 count 76032 datatype 0 op 0 root 0 comm 0x12b18d40 [nranks=4] stream
0xb377ee0\neb76fba8c946:231197:235876 [2] NCCL INFO AllGather: opCount bc sendbuff 0x645200000 recvbuff 0x620000000 count 76032 datatype 0 op 0 root 0 comm 0x11e5d3e0 [nranks=4] stream
0xa721040\neb76fba8c946:231198:235879 [3] NCCL INFO AllGather: opCount bc sendbuff 0x645200000 recvbuff 0x620000000 count 76032 datatype 0 op 0 root 0 comm 0x11fde5b0 [nranks=4] stream
0xa1484d0\neb76fba8c946:231195:235878 [0] NCCL INFO AllGather: opCount bc sendbuff 0x645200000 recvbuff 0x620000000 count 76032 datatype 0 op 0 root 0 comm 0x125e5b40 [nranks=4] stream
0xa2cbd00\neb76fba8c946:231195:235878 [0] NCCL INFO 304128 Bytes -> Algo 1 proto 2 time
44.507996\neb76fba8c946:231196:235877 [1] NCCL INFO AllGather: opCount bc sendbuff 0x645200000 recvbuff 0x620000000 count 76032 datatype 0 op 0 root 0 comm 0x12b18d40 [nranks=4] stream
0xb377ee0\neb76fba8c946:231197:235876 [2] NCCL INFO AllGather: opCount bd sendbuff 0x645200000 recvbuff 0x620000000 count 76032 datatype 0 op 0 root 0 comm 0x11e5d3e0 [nranks=4] stream
0xa721040\neb76fba8c946:231198:235879 [3] NCCL INFO AllGather: opCount bd sendbuff 0x645200000 recvbuff 0x620000000 count 76032 datatype 0 op 0 root 0 comm 0x11fde5b0 [nranks=4] stream
0xa1484d0\neb76fba8c946:231195:235878 [0] NCCL INFO AllGather: opCount bd sendbuff 0x645200000 recvbuff 0x620000000 count 76032 datatype 0 op 0 root 0 comm 0x125e5b40 [nranks=4] stream
0xa2cbd00\neb76fba8c946:231195:235878 [0] NCCL INFO 304128 Bytes -> Algo 1 proto 2 time
44.507996\neb76fba8c946:231196:235877 [1] NCCL INFO AllGather: opCount bd sendbuff 0x645200000 recvbuff 0x620000000 count 76032 datatype 0 op 0 root 0 comm 0x12b18d40 [nranks=4] stream
0xb377ee0\neb76fba8c946:231197:235876 [2] NCCL INFO AllGather: opCount be sendbuff 0x645200000 recvbuff 0x620000000 count 76032 datatype 0 op 0 root 0 comm 0x11e5d3e0 [nranks=4] stream
0xa721040\neb76fba8c946:231195:235878 [0] NCCL INFO AllGather: opCount be sendbuff 0x645200000 recvbuff 0x620000000 count 76032 datatype 0 op 0 root 0 comm 0x125e5b40 [nranks=4] stream
0xa2cbd00\neb76fba8c946:231195:235878 [0] NCCL INFO 304128 Bytes -> Algo 1 proto 2 time
44.507996\neb76fba8c946:231198:235879 [3] NCCL INFO AllGather: opCount be sendbuff 0x645200000 recvbuff 0x620000000 count 76032 datatype 0 op 0 root 0 comm 0x11fde5b0 [nranks=4] stream
0xa1484d0\neb76fba8c946:231196:235877 [1] NCCL INFO AllGather: opCount be sendbuff 0x645200000 recvbuff 0x620000000 count 76032 datatype 0 op 0 root 0 comm 0x12b18d40 [nranks=4] stream
0xb377ee0\neb76fba8c946:231197:235876 [2] NCCL INFO AllGather: opCount bf sendbuff 0x645200000 recvbuff 0x620000000 count 76032 datatype 0 op 0 root 0 comm 0x11e5d3e0 [nranks=4] stream
0xa721040\neb76fba8c946:231195:235878 [0] NCCL INFO AllGather: opCount bf sendbuff 0x645200000 recvbuff 0x620000000 count 76032 datatype 0 op 0 root 0 comm 0x125e5b40 [nranks=4] stream
0xa2cbd00\neb76fba8c946:231195:235878 [0] NCCL INFO 304128 Bytes -> Algo 1 proto 2 time
44.507996\neb76fba8c946:231198:235879 [3] NCCL INFO AllGather: opCount bf sendbuff 0x645200000 recvbuff 0x620000000 count 76032 datatype 0 op 0 root 0 comm 0x11fde5b0 [nranks=4] stream
0xa1484d0\neb76fba8c946:231196:235877 [1] NCCL INFO AllGather: opCount bf sendbuff 0x645200000 recvbuff 0x620000000 count 76032 datatype 0 op 0 root 0 comm 0x12b18d40 [nranks=4] stream
0xb377ee0\neb76fba8c946:231197:235876 [2] NCCL INFO AllGather: opCount c0 sendbuff 0x645200000 recvbuff 0x620000000 count 76032 datatype 0 op 0 root 0 comm 0x11e5d3e0 [nranks=4] stream
0xa721040\neb76fba8c946:231198:235879 [3] NCCL INFO AllGather: opCount c0 sendbuff 0x645200000 recvbuff 0x620000000 count 76032 datatype 0 op 0 root 0 comm 0x11fde5b0 [nranks=4] stream
0xa1484d0\neb76fba8c946:231195:235878 [0] NCCL INFO AllGather: opCount c0 sendbuff 0x645200000 recvbuff 0x620000000 count 76032 datatype 0 op 0 root 0 comm 0x125e5b40 [nranks=4] stream
0xa2cbd00\neb76fba8c946:231195:235878 [0] NCCL INFO 304128 Bytes -> Algo 1 proto 2 time
44.507996\neb76fba8c946:231196:235877 [1] NCCL INFO AllGather: opCount c0 sendbuff 0x645200000 recvbuff 0x620000000 count 76032 datatype 0 op 0 root 0 comm 0x12b18d40 [nranks=4] stream
0xb377ee0\neb76fba8c946:231197:235876 [2] NCCL INFO AllGather: opCount c1 sendbuff 0x645200000 recvbuff 0x620000000 count 76032 datatype 0 op 0 root 0 comm 0x11e5d3e0 [nranks=4] stream
0xa721040\neb76fba8c946:231198:235879 [3] NCCL INFO AllGather: opCount c1 sendbuff 0x645200000 recvbuff 0x620000000 count 76032 datatype 0 op 0 root 0 comm 0x11fde5b0 [nranks=4] stream
0xa1484d0\neb76fba8c946:231195:235878 [0] NCCL INFO AllGather: opCount c1 sendbuff 0x645200000 recvbuff 0x620000000 count 76032 datatype 0 op 0 root 0 comm 0x125e5b40 [nranks=4] stream
0xa2cbd00\neb76fba8c946:231195:235878 [0] NCCL INFO 304128 Bytes -> Algo 1 proto 2 time
44.507996\neb76fba8c946:231196:235877 [1] NCCL INFO AllGather: opCount c1 sendbuff 0x645200000 recvbuff 0x620000000 count 76032 datatype 0 op 0 root 0 comm 0x12b18d40 [nranks=4] stream
0xb377ee0\neb76fba8c946:231197:235876 [2] NCCL INFO AllGather: opCount c2 sendbuff 0x645200000 recvbuff 0x620000000 count 76032 datatype 0 op 0 root 0 comm 0x11e5d3e0 [nranks=4] stream
0xa721040\neb76fba8c946:231196:235877 [1] NCCL INFO AllGather: opCount c2 sendbuff 0x645200000 recvbuff 0x620000000 count 76032 datatype 0 op 0 root 0 comm 0x12b18d40 [nranks=4] stream
0xb377ee0\neb76fba8c946:231198:235879 [3] NCCL INFO AllGather: opCount c2 sendbuff 0x645200000 recvbuff 0x620000000 count 76032 datatype 0 op 0 root 0 comm 0x11fde5b0 [nranks=4] stream
0xa1484d0\neb76fba8c946:231195:235878 [0] NCCL INFO AllGather: opCount c2 sendbuff 0x645200000 recvbuff 0x620000000 count 76032 datatype 0 op 0 root 0 comm 0x125e5b40 [nranks=4] stream
0xa2cbd00\neb76fba8c946:231195:235878 [0] NCCL INFO 304128 Bytes -> Algo 1 proto 2 time
44.507996\neb76fba8c946:231198:235879 [3] NCCL INFO AllGather: opCount c3 sendbuff 0x645200000 recvbuff 0x620000000 count 76032 datatype 0 op 0 root 0 comm 0x11fde5b0 [nranks=4] stream
0xa1484d0\neb76fba8c946:231197:235876 [2] NCCL INFO AllGather: opCount c3 sendbuff 0x645200000 recvbuff 0x620000000 count 76032 datatype 0 op 0 root 0 comm 0x11e5d3e0 [nranks=4] stream
0xa721040\neb76fba8c946:231195:235878 [0] NCCL INFO AllGather: opCount c3 sendbuff 0x645200000 recvbuff 0x620000000 count 76032 datatype 0 op 0 root 0 comm 0x125e5b40 [nranks=4] stream
0xa2cbd00\neb76fba8c946:231195:235878 [0] NCCL INFO 304128 Bytes -> Algo 1 proto 2 time
44.507996\neb76fba8c946:231196:235877 [1] NCCL INFO AllGather: opCount c3 sendbuff 0x645200000 recvbuff 0x620000000 count 76032 datatype 0 op 0 root 0 comm 0x12b18d40 [nranks=4] stream
0xb377ee0\neb76fba8c946:231197:235876 [2] NCCL INFO AllGather: opCount c4 sendbuff 0x645200000 recvbuff 0x620000000 count 76032 datatype 0 op 0 root 0 comm 0x11e5d3e0 [nranks=4] stream
0xa721040\neb76fba8c946:231198:235879 [3] NCCL INFO AllGather: opCount c4 sendbuff 0x645200000 recvbuff 0x620000000 count 76032 datatype 0 op 0 root 0 comm 0x11fde5b0 [nranks=4] stream
0xa1484d0\neb76fba8c946:231195:235878 [0] NCCL INFO AllGather: opCount c4 sendbuff 0x645200000 recvbuff 0x620000000 count 76032 datatype 0 op 0 root 0 comm 0x125e5b40 [nranks=4] stream
0xa2cbd00\neb76fba8c946:231195:235878 [0] NCCL INFO 304128 Bytes -> Algo 1 proto 2 time
44.507996\neb76fba8c946:231196:235877 [1] NCCL INFO AllGather: opCount c4 sendbuff 0x645200000 recvbuff 0x620000000 count 76032 datatype 0 op 0 root 0 comm 0x12b18d40 [nranks=4] stream
0xb377ee0\neb76fba8c946:231197:235876 [2] NCCL INFO AllGather: opCount c5 sendbuff 0x645200000 recvbuff 0x620000000 count 76032 datatype 0 op 0 root 0 comm 0x11e5d3e0 [nranks=4] stream
0xa721040\neb76fba8c946:231198:235879 [3] NCCL INFO AllGather: opCount c5 sendbuff 0x645200000 recvbuff 0x620000000 count 76032 datatype 0 op 0 root 0 comm 0x11fde5b0 [nranks=4] stream
0xa1484d0\neb76fba8c946:231195:235878 [0] NCCL INFO AllGather: opCount c5 sendbuff 0x645200000 recvbuff 0x620000000 count 76032 datatype 0 op 0 root 0 comm 0x125e5b40 [nranks=4] stream
0xa2cbd00\neb76fba8c946:231195:235878 [0] NCCL INFO 304128 Bytes -> Algo 1 proto 2 time
44.507996\neb76fba8c946:231196:235877 [1] NCCL INFO AllGather: opCount c5 sendbuff 0x645200000 recvbuff 0x620000000 count 76032 datatype 0 op 0 root 0 comm 0x12b18d40 [nranks=4] stream
0xb377ee0\neb76fba8c946:231197:235876 [2] NCCL INFO AllGather: opCount c6 sendbuff 0x645200000 recvbuff 0x620000000 count 76032 datatype 0 op 0 root 0 comm 0x11e5d3e0 [nranks=4] stream
0xa721040\neb76fba8c946:231195:235878 [0] NCCL INFO AllGather: opCount c6 sendbuff 0x645200000 recvbuff 0x620000000 count 76032 datatype 0 op 0 root 0 comm 0x125e5b40 [nranks=4] stream
0xa2cbd00\neb76fba8c946:231195:235878 [0] NCCL INFO 304128 Bytes -> Algo 1 proto 2 time
44.507996\neb76fba8c946:231198:235879 [3] NCCL INFO AllGather: opCount c6 sendbuff 0x645200000 recvbuff 0x620000000 count 76032 datatype 0 op 0 root 0 comm 0x11fde5b0 [nranks=4] stream
0xa1484d0\neb76fba8c946:231196:235877 [1] NCCL INFO AllGather: opCount c6 sendbuff 0x645200000 recvbuff 0x620000000 count 76032 datatype 0 op 0 root 0 comm 0x12b18d40 [nranks=4] stream
0xb377ee0\neb76fba8c946:231197:235876 [2] NCCL INFO AllGather: opCount c7 sendbuff 0x645200000 recvbuff 0x620000000 count 76032 datatype 0 op 0 root 0 comm 0x11e5d3e0 [nranks=4] stream
0xa721040\neb76fba8c946:231198:235879 [3] NCCL INFO AllGather: opCount c7 sendbuff 0x645200000 recvbuff 0x620000000 count 76032 datatype 0 op 0 root 0 comm 0x11fde5b0 [nranks=4] stream
0xa1484d0\neb76fba8c946:231195:235878 [0] NCCL INFO AllGather: opCount c7 sendbuff 0x645200000 recvbuff 0x620000000 count 76032 datatype 0 op 0 root 0 comm 0x125e5b40 [nranks=4] stream
0xa2cbd00\neb76fba8c946:231195:235878 [0] NCCL INFO 304128 Bytes -> Algo 1 proto 2 time
44.507996\neb76fba8c946:231196:235877 [1] NCCL INFO AllGather: opCount c7 sendbuff 0x645200000 recvbuff 0x620000000 count 76032 datatype 0 op 0 root 0 comm 0x12b18d40 [nranks=4] stream
0xb377ee0\neb76fba8c946:231197:235876 [2] NCCL INFO AllGather: opCount c8 sendbuff 0x645200000 recvbuff 0x620000000 count 76032 datatype 0 op 0 root 0 comm 0x11e5d3e0 [nranks=4] stream
0xa721040\neb76fba8c946:231195:235878 [0] NCCL INFO AllGather: opCount c8 sendbuff 0x645200000 recvbuff 0x620000000 count 76032 datatype 0 op 0 root 0 comm 0x125e5b40 [nranks=4] stream
0xa2cbd00\neb76fba8c946:231195:235878 [0] NCCL INFO 304128 Bytes -> Algo 1 proto 2 time
44.507996\neb76fba8c946:231198:235879 [3] NCCL INFO AllGather: opCount c8 sendbuff 0x645200000 recvbuff 0x620000000 count 76032 datatype 0 op 0 root 0 comm 0x11fde5b0 [nranks=4] stream
0xa1484d0\neb76fba8c946:231196:235877 [1] NCCL INFO AllGather: opCount c8 sendbuff 0x645200000 recvbuff 0x620000000 count 76032 datatype 0 op 0 root 0 comm 0x12b18d40 [nranks=4] stream
0xb377ee0\neb76fba8c946:231197:235876 [2] NCCL INFO AllGather: opCount c9 sendbuff 0x645200000 recvbuff 0x620000000 count 76032 datatype 0 op 0 root 0 comm 0x11e5d3e0 [nranks=4] stream
0xa721040\neb76fba8c946:231198:235879 [3] NCCL INFO AllGather: opCount c9 sendbuff 0x645200000 recvbuff 0x620000000 count 76032 datatype 0 op 0 root 0 comm 0x11fde5b0 [nranks=4] stream
0xa1484d0\neb76fba8c946:231195:235878 [0] NCCL INFO AllGather: opCount c9 sendbuff 0x645200000 recvbuff 0x620000000 count 76032 datatype 0 op 0 root 0 comm 0x125e5b40 [nranks=4] stream
0xa2cbd00\neb76fba8c946:231195:235878 [0] NCCL INFO 304128 Bytes -> Algo 1 proto 2 time
44.507996\neb76fba8c946:231196:235877 [1] NCCL INFO AllGather: opCount c9 sendbuff 0x645200000 recvbuff 0x620000000 count 76032 datatype 0 op 0 root 0 comm 0x12b18d40 [nranks=4] stream
0xb377ee0\neb76fba8c946:231198:235879 [3] NCCL INFO AllGather: opCount ca sendbuff 0x645200000 recvbuff 0x620000000 count 76032 datatype 0 op 0 root 0 comm 0x11fde5b0 [nranks=4] stream
0xa1484d0\neb76fba8c946:231197:235876 [2] NCCL INFO AllGather: opCount ca sendbuff 0x645200000 recvbuff 0x620000000 count 76032 datatype 0 op 0 root 0 comm 0x11e5d3e0 [nranks=4] stream
0xa721040\neb76fba8c946:231195:235878 [0] NCCL INFO AllGather: opCount ca sendbuff 0x645200000 recvbuff 0x620000000 count 76032 datatype 0 op 0 root 0 comm 0x125e5b40 [nranks=4] stream
0xa2cbd00\neb76fba8c946:231195:235878 [0] NCCL INFO 304128 Bytes -> Algo 1 proto 2 time
44.507996\neb76fba8c946:231196:235877 [1] NCCL INFO AllGather: opCount ca sendbuff 0x645200000 recvbuff 0x620000000 count 76032 datatype 0 op 0 root 0 comm 0x12b18d40 [nranks=4] stream
0xb377ee0\neb76fba8c946:231198:235879 [3] NCCL INFO AllGather: opCount cb sendbuff 0x645200000 recvbuff 0x620000000 count 76032 datatype 0 op 0 root 0 comm 0x11fde5b0 [nranks=4] stream
0xa1484d0\neb76fba8c946:231197:235876 [2] NCCL INFO AllGather: opCount cb sendbuff 0x645200000 recvbuff 0x620000000 count 76032 datatype 0 op 0 root 0 comm 0x11e5d3e0 [nranks=4] stream
0xa721040\neb76fba8c946:231195:235878 [0] NCCL INFO AllGather: opCount cb sendbuff 0x645200000 recvbuff 0x620000000 count 76032 datatype 0 op 0 root 0 comm 0x125e5b40 [nranks=4] stream
0xa2cbd00\neb76fba8c946:231195:235878 [0] NCCL INFO 304128 Bytes -> Algo 1 proto 2 time
44.507996\neb76fba8c946:231196:235877 [1] NCCL INFO AllGather: opCount cb sendbuff 0x645200000 recvbuff 0x620000000 count 76032 datatype 0 op 0 root 0 comm 0x12b18d40 [nranks=4] stream
0xb377ee0\neb76fba8c946:231197:235876 [2] NCCL INFO AllGather: opCount cc sendbuff 0x645200000 recvbuff 0x620000000 count 76032 datatype 0 op 0 root 0 comm 0x11e5d3e0 [nranks=4] stream
0xa721040\neb76fba8c946:231198:235879 [3] NCCL INFO AllGather: opCount cc sendbuff 0x645200000 recvbuff 0x620000000 count 76032 datatype 0 op 0 root 0 comm 0x11fde5b0 [nranks=4] stream
0xa1484d0\neb76fba8c946:231195:235878 [0] NCCL INFO AllGather: opCount cc sendbuff 0x645200000 recvbuff 0x620000000 count 76032 datatype 0 op 0 root 0 comm 0x125e5b40 [nranks=4] stream
0xa2cbd00\neb76fba8c946:231195:235878 [0] NCCL INFO 304128 Bytes -> Algo 1 proto 2 time
44.507996\neb76fba8c946:231196:235877 [1] NCCL INFO AllGather: opCount cc sendbuff 0x645200000 recvbuff 0x620000000 count 76032 datatype 0 op 0 root 0 comm 0x12b18d40 [nranks=4] stream
0xb377ee0\neb76fba8c946:231197:235876 [2] NCCL INFO AllGather: opCount cd sendbuff 0x645200000 recvbuff 0x620000000 count 76032 datatype 0 op 0 root 0 comm 0x11e5d3e0 [nranks=4] stream
0xa721040\neb76fba8c946:231195:235878 [0] NCCL INFO AllGather: opCount cd sendbuff 0x645200000 recvbuff 0x620000000 count 76032 datatype 0 op 0 root 0 comm 0x125e5b40 [nranks=4] stream
0xa2cbd00\neb76fba8c946:231195:235878 [0] NCCL INFO 304128 Bytes -> Algo 1 proto 2 time
44.507996\neb76fba8c946:231198:235879 [3] NCCL INFO AllGather: opCount cd sendbuff 0x645200000 recvbuff 0x620000000 count 76032 datatype 0 op 0 root 0 comm 0x11fde5b0 [nranks=4] stream
0xa1484d0\neb76fba8c946:231196:235877 [1] NCCL INFO AllGather: opCount cd sendbuff 0x645200000 recvbuff 0x620000000 count 76032 datatype 0 op 0 root 0 comm 0x12b18d40 [nranks=4] stream
0xb377ee0\neb76fba8c946:231197:235876 [2] NCCL INFO AllGather: opCount ce sendbuff 0x645200000 recvbuff 0x620000000 count 76032 datatype 0 op 0 root 0 comm 0x11e5d3e0 [nranks=4] stream
0xa721040\neb76fba8c946:231198:235879 [3] NCCL INFO AllGather: opCount ce sendbuff 0x645200000 recvbuff 0x620000000 count 76032 datatype 0 op 0 root 0 comm 0x11fde5b0 [nranks=4] stream
0xa1484d0\neb76fba8c946:231195:235878 [0] NCCL INFO AllGather: opCount ce sendbuff 0x645200000 recvbuff 0x620000000 count 76032 datatype 0 op 0 root 0 comm 0x125e5b40 [nranks=4] stream
0xa2cbd00\neb76fba8c946:231195:235878 [0] NCCL INFO 304128 Bytes -> Algo 1 proto 2 time
44.507996\neb76fba8c946:231196:235877 [1] NCCL INFO AllGather: opCount ce sendbuff 0x645200000 recvbuff 0x620000000 count 76032 datatype 0 op 0 root 0 comm 0x12b18d40 [nranks=4] stream
0xb377ee0\neb76fba8c946:231197:235876 [2] NCCL INFO AllGather: opCount cf sendbuff 0x645200000 recvbuff 0x620000000 count 76032 datatype 0 op 0 root 0 comm 0x11e5d3e0 [nranks=4] stream
0xa721040\neb76fba8c946:231195:235878 [0] NCCL INFO AllGather: opCount cf sendbuff 0x645200000 recvbuff 0x620000000 count 76032 datatype 0 op 0 root 0 comm 0x125e5b40 [nranks=4] stream
0xa2cbd00\neb76fba8c946:231195:235878 [0] NCCL INFO 304128 Bytes -> Algo 1 proto 2 time
44.507996\neb76fba8c946:231198:235879 [3] NCCL INFO AllGather: opCount cf sendbuff 0x645200000 recvbuff 0x620000000 count 76032 datatype 0 op 0 root 0 comm 0x11fde5b0 [nranks=4] stream
0xa1484d0\neb76fba8c946:231196:235877 [1] NCCL INFO AllGather: opCount cf sendbuff 0x645200000 recvbuff 0x620000000 count 76032 datatype 0 op 0 root 0 comm 0x12b18d40 [nranks=4] stream
0xb377ee0\neb76fba8c946:231197:235876 [2] NCCL INFO AllGather: opCount d0 sendbuff 0x645200000 recvbuff 0x620000000 count 76032 datatype 0 op 0 root 0 comm 0x11e5d3e0 [nranks=4] stream
0xa721040\neb76fba8c946:231195:235878 [0] NCCL INFO AllGather: opCount d0 sendbuff 0x645200000 recvbuff 0x620000000 count 76032 datatype 0 op 0 root 0 comm 0x125e5b40 [nranks=4] stream
0xa2cbd00\neb76fba8c946:231195:235878 [0] NCCL INFO 304128 Bytes -> Algo 1 proto 2 time
44.507996\neb76fba8c946:231196:235877 [1] NCCL INFO AllGather: opCount d0 sendbuff 0x645200000 recvbuff 0x620000000 count 76032 datatype 0 op 0 root 0 comm 0x12b18d40 [nranks=4] stream
0xb377ee0\neb76fba8c946:231198:235879 [3] NCCL INFO AllGather: opCount d0 sendbuff 0x645200000 recvbuff 0x620000000 count 76032 datatype 0 op 0 root 0 comm 0x11fde5b0 [nranks=4] stream
0xa1484d0\neb76fba8c946:231195:235878 [0] NCCL INFO AllGather: opCount d1 sendbuff 0x645200000 recvbuff 0x620000000 count 76032 datatype 0 op 0 root 0 comm 0x125e5b40 [nranks=4] stream
0xa2cbd00\neb76fba8c946:231195:235878 [0] NCCL INFO 304128 Bytes -> Algo 1 proto 2 time
44.507996\neb76fba8c946:231196:235877 [1] NCCL INFO AllGather: opCount d1 sendbuff 0x645200000 recvbuff 0x620000000 count 76032 datatype 0 op 0 root 0 comm 0x12b18d40 [nranks=4] stream
0xb377ee0\neb76fba8c946:231197:235876 [2] NCCL INFO AllGather: opCount d1 sendbuff 0x645200000 recvbuff 0x620000000 count 76032 datatype 0 op 0 root 0 comm 0x11e5d3e0 [nranks=4] stream
0xa721040\neb76fba8c946:231198:235879 [3] NCCL INFO AllGather: opCount d1 sendbuff 0x645200000 recvbuff 0x620000000 count 76032 datatype 0 op 0 root 0 comm 0x11fde5b0 [nranks=4] stream
0xa1484d0\neb76fba8c946:231196:235877 [1] NCCL INFO AllGather: opCount d2 sendbuff 0x645200000 recvbuff 0x620000000 count 76032 datatype 0 op 0 root 0 comm 0x12b18d40 [nranks=4] stream
0xb377ee0\neb76fba8c946:231198:235879 [3] NCCL INFO AllGather: opCount d2 sendbuff 0x645200000 recvbuff 0x620000000 count 76032 datatype 0 op 0 root 0 comm 0x11fde5b0 [nranks=4] stream
0xa1484d0\neb76fba8c946:231195:235878 [0] NCCL INFO AllGather: opCount d2 sendbuff 0x645200000 recvbuff 0x620000000 count 76032 datatype 0 op 0 root 0 comm 0x125e5b40 [nranks=4] stream
0xa2cbd00\neb76fba8c946:231195:235878 [0] NCCL INFO 304128 Bytes -> Algo 1 proto 2 time
44.507996\neb76fba8c946:231197:235876 [2] NCCL INFO AllGather: opCount d2 sendbuff 0x645200000 recvbuff 0x620000000 count 76032 datatype 0 op 0 root 0 comm 0x11e5d3e0 [nranks=4] stream
0xa721040\neb76fba8c946:231197:235876 [2] NCCL INFO AllGather: opCount d3 sendbuff 0x645200000 recvbuff 0x620000000 count 76032 datatype 0 op 0 root 0 comm 0x11e5d3e0 [nranks=4] stream
0xa721040\neb76fba8c946:231198:235879 [3] NCCL INFO AllGather: opCount d3 sendbuff 0x645200000 recvbuff 0x620000000 count 76032 datatype 0 op 0 root 0 comm 0x11fde5b0 [nranks=4] stream
0xa1484d0\neb76fba8c946:231195:235878 [0] NCCL INFO AllGather: opCount d3 sendbuff 0x645200000 recvbuff 0x620000000 count 76032 datatype 0 op 0 root 0 comm 0x125e5b40 [nranks=4] stream
0xa2cbd00\neb76fba8c946:231195:235878 [0] NCCL INFO 304128 Bytes -> Algo 1 proto 2 time
44.507996\neb76fba8c946:231196:235877 [1] NCCL INFO AllGather: opCount d3 sendbuff 0x645200000 recvbuff 0x620000000 count 76032 datatype 0 op 0 root 0 comm 0x12b18d40 [nranks=4] stream
0xb377ee0\neb76fba8c946:231197:235876 [2] NCCL INFO AllGather: opCount d4 sendbuff 0x645200000 recvbuff 0x620000000 count 76032 datatype 0 op 0 root 0 comm 0x11e5d3e0 [nranks=4] stream
0xa721040\neb76fba8c946:231198:235879 [3] NCCL INFO AllGather: opCount d4 sendbuff 0x645200000 recvbuff 0x620000000 count 76032 datatype 0 op 0 root 0 comm 0x11fde5b0 [nranks=4] stream
0xa1484d0\neb76fba8c946:231195:235878 [0] NCCL INFO AllGather: opCount d4 sendbuff 0x645200000 recvbuff 0x620000000 count 76032 datatype 0 op 0 root 0 comm 0x125e5b40 [nranks=4] stream
0xa2cbd00\neb76fba8c946:231195:235878 [0] NCCL INFO 304128 Bytes -> Algo 1 proto 2 time
44.507996\neb76fba8c946:231196:235877 [1] NCCL INFO AllGather: opCount d4 sendbuff 0x645200000 recvbuff 0x620000000 count 76032 datatype 0 op 0 root 0 comm 0x12b18d40 [nranks=4] stream
0xb377ee0\neb76fba8c946:231197:235876 [2] NCCL INFO AllGather: opCount d5 sendbuff 0x645200000 recvbuff 0x620000000 count 76032 datatype 0 op 0 root 0 comm 0x11e5d3e0 [nranks=4] stream
0xa721040\neb76fba8c946:231198:235879 [3] NCCL INFO AllGather: opCount d5 sendbuff 0x645200000 recvbuff 0x620000000 count 76032 datatype 0 op 0 root 0 comm 0x11fde5b0 [nranks=4] stream
0xa1484d0\neb76fba8c946:231195:235878 [0] NCCL INFO AllGather: opCount d5 sendbuff 0x645200000 recvbuff 0x620000000 count 76032 datatype 0 op 0 root 0 comm 0x125e5b40 [nranks=4] stream
0xa2cbd00\neb76fba8c946:231195:235878 [0] NCCL INFO 304128 Bytes -> Algo 1 proto 2 time
44.507996\neb76fba8c946:231196:235877 [1] NCCL INFO AllGather: opCount d5 sendbuff 0x645200000 recvbuff 0x620000000 count 76032 datatype 0 op 0 root 0 comm 0x12b18d40 [nranks=4] stream
0xb377ee0\neb76fba8c946:231197:235876 [2] NCCL INFO AllGather: opCount d6 sendbuff 0x645200000 recvbuff 0x620000000 count 76032 datatype 0 op 0 root 0 comm 0x11e5d3e0 [nranks=4] stream
0xa721040\neb76fba8c946:231198:235879 [3] NCCL INFO AllGather: opCount d6 sendbuff 0x645200000 recvbuff 0x620000000 count 76032 datatype 0 op 0 root 0 comm 0x11fde5b0 [nranks=4] stream
0xa1484d0\neb76fba8c946:231195:235878 [0] NCCL INFO AllGather: opCount d6 sendbuff 0x645200000 recvbuff 0x620000000 count 76032 datatype 0 op 0 root 0 comm 0x125e5b40 [nranks=4] stream
0xa2cbd00\neb76fba8c946:231195:235878 [0] NCCL INFO 304128 Bytes -> Algo 1 proto 2 time
44.507996\neb76fba8c946:231196:235877 [1] NCCL INFO AllGather: opCount d6 sendbuff 0x645200000 recvbuff 0x620000000 count 76032 datatype 0 op 0 root 0 comm 0x12b18d40 [nranks=4] stream
0xb377ee0\neb76fba8c946:231197:235876 [2] NCCL INFO AllGather: opCount d7 sendbuff 0x645200000 recvbuff 0x620000000 count 76032 datatype 0 op 0 root 0 comm 0x11e5d3e0 [nranks=4] stream
0xa721040\neb76fba8c946:231198:235879 [3] NCCL INFO AllGather: opCount d7 sendbuff 0x645200000 recvbuff 0x620000000 count 76032 datatype 0 op 0 root 0 comm 0x11fde5b0 [nranks=4] stream
0xa1484d0\neb76fba8c946:231195:235878 [0] NCCL INFO AllGather: opCount d7 sendbuff 0x645200000 recvbuff 0x620000000 count 76032 datatype 0 op 0 root 0 comm 0x125e5b40 [nranks=4] stream
0xa2cbd00\neb76fba8c946:231195:235878 [0] NCCL INFO 304128 Bytes -> Algo 1 proto 2 time
44.507996\neb76fba8c946:231196:235877 [1] NCCL INFO AllGather: opCount d7 sendbuff 0x645200000 recvbuff 0x620000000 count 76032 datatype 0 op 0 root 0 comm 0x12b18d40 [nranks=4] stream
0xb377ee0\neb76fba8c946:231197:235876 [2] NCCL INFO AllGather: opCount d8 sendbuff 0x645200000 recvbuff 0x620000000 count 76032 datatype 0 op 0 root 0 comm 0x11e5d3e0 [nranks=4] stream
0xa721040\neb76fba8c946:231198:235879 [3] NCCL INFO AllGather: opCount d8 sendbuff 0x645200000 recvbuff 0x620000000 count 76032 datatype 0 op 0 root 0 comm 0x11fde5b0 [nranks=4] stream
0xa1484d0\neb76fba8c946:231195:235878 [0] NCCL INFO AllGather: opCount d8 sendbuff 0x645200000 recvbuff 0x620000000 count 76032 datatype 0 op 0 root 0 comm 0x125e5b40 [nranks=4] stream
0xa2cbd00\neb76fba8c946:231196:235877 [1] NCCL INFO AllGather: opCount d8 sendbuff 0x645200000 recvbuff 0x620000000 count 76032 datatype 0 op 0 root 0 comm 0x12b18d40 [nranks=4] stream
0xb377ee0\neb76fba8c946:231195:235878 [0] NCCL INFO 304128 Bytes -> Algo 1 proto 2 time
44.507996\neb76fba8c946:231197:235876 [2] NCCL INFO AllGather: opCount d9 sendbuff 0x645200000 recvbuff 0x620000000 count 76032 datatype 0 op 0 root 0 comm 0x11e5d3e0 [nranks=4] stream
0xa721040\neb76fba8c946:231196:235877 [1] NCCL INFO AllGather: opCount d9 sendbuff 0x645200000 recvbuff 0x620000000 count 76032 datatype 0 op 0 root 0 comm 0x12b18d40 [nranks=4] stream
0xb377ee0\neb76fba8c946:231198:235879 [3] NCCL INFO AllGather: opCount d9 sendbuff 0x645200000 recvbuff 0x620000000 count 76032 datatype 0 op 0 root 0 comm 0x11fde5b0 [nranks=4] stream
0xa1484d0\neb76fba8c946:231195:235878 [0] NCCL INFO AllGather: opCount d9 sendbuff 0x645200000 recvbuff 0x620000000 count 76032 datatype 0 op 0 root 0 comm 0x125e5b40 [nranks=4] stream
0xa2cbd00\neb76fba8c946:231195:235878 [0] NCCL INFO 304128 Bytes -> Algo 1 proto 2 time
44.507996\neb76fba8c946:231197:235876 [2] NCCL INFO AllGather: opCount da sendbuff 0x645200000 recvbuff 0x620000000 count 76032 datatype 0 op 0 root 0 comm 0x11e5d3e0 [nranks=4] stream
0xa721040\neb76fba8c946:231198:235879 [3] NCCL INFO AllGather: opCount da sendbuff 0x645200000 recvbuff 0x620000000 count 76032 datatype 0 op 0 root 0 comm 0x11fde5b0 [nranks=4] stream
0xa1484d0\neb76fba8c946:231196:235877 [1] NCCL INFO AllGather: opCount da sendbuff 0x645200000 recvbuff 0x620000000 count 76032 datatype 0 op 0 root 0 comm 0x12b18d40 [nranks=4] stream
0xb377ee0\neb76fba8c946:231195:235878 [0] NCCL INFO AllGather: opCount da sendbuff 0x645200000 recvbuff 0x620000000 count 76032 datatype 0 op 0 root 0 comm 0x125e5b40 [nranks=4] stream
0xa2cbd00\neb76fba8c946:231195:235878 [0] NCCL INFO 304128 Bytes -> Algo 1 proto 2 time
44.507996\neb76fba8c946:231197:235876 [2] NCCL INFO AllGather: opCount db sendbuff 0x645200000 recvbuff 0x620000000 count 76032 datatype 0 op 0 root 0 comm 0x11e5d3e0 [nranks=4] stream
0xa721040\neb76fba8c946:231198:235879 [3] NCCL INFO AllGather: opCount db sendbuff 0x645200000 recvbuff 0x620000000 count 76032 datatype 0 op 0 root 0 comm 0x11fde5b0 [nranks=4] stream
0xa1484d0\neb76fba8c946:231196:235877 [1] NCCL INFO AllGather: opCount db sendbuff 0x645200000 recvbuff 0x620000000 count 76032 datatype 0 op 0 root 0 comm 0x12b18d40 [nranks=4] stream
0xb377ee0\neb76fba8c946:231195:235878 [0] NCCL INFO AllGather: opCount db sendbuff 0x645200000 recvbuff 0x620000000 count 76032 datatype 0 op 0 root 0 comm 0x125e5b40 [nranks=4] stream
0xa2cbd00\neb76fba8c946:231195:235878 [0] NCCL INFO 304128 Bytes -> Algo 1 proto 2 time
44.507996\neb76fba8c946:231198:235879 [3] NCCL INFO AllGather: opCount dc sendbuff 0x645200000 recvbuff 0x620000000 count 76032 datatype 0 op 0 root 0 comm 0x11fde5b0 [nranks=4] stream
0xa1484d0\neb76fba8c946:231197:235876 [2] NCCL INFO AllGather: opCount dc sendbuff 0x645200000 recvbuff 0x620000000 count 76032 datatype 0 op 0 root 0 comm 0x11e5d3e0 [nranks=4] stream
0xa721040\neb76fba8c946:231195:235878 [0] NCCL INFO AllGather: opCount dc sendbuff 0x645200000 recvbuff 0x620000000 count 76032 datatype 0 op 0 root 0 comm 0x125e5b40 [nranks=4] stream
0xa2cbd00\neb76fba8c946:231195:235878 [0] NCCL INFO 304128 Bytes -> Algo 1 proto 2 time
44.507996\neb76fba8c946:231196:235877 [1] NCCL INFO AllGather: opCount dc sendbuff 0x645200000 recvbuff 0x620000000 count 76032 datatype 0 op 0 root 0 comm 0x12b18d40 [nranks=4] stream
0xb377ee0\neb76fba8c946:231197:235876 [2] NCCL INFO AllGather: opCount dd sendbuff 0x645200000 recvbuff 0x620000000 count 76032 datatype 0 op 0 root 0 comm 0x11e5d3e0 [nranks=4] stream
0xa721040\neb76fba8c946:231198:235879 [3] NCCL INFO AllGather: opCount dd sendbuff 0x645200000 recvbuff 0x620000000 count 76032 datatype 0 op 0 root 0 comm 0x11fde5b0 [nranks=4] stream
0xa1484d0\neb76fba8c946:231195:235878 [0] NCCL INFO AllGather: opCount dd sendbuff 0x645200000 recvbuff 0x620000000 count 76032 datatype 0 op 0 root 0 comm 0x125e5b40 [nranks=4] stream
0xa2cbd00\neb76fba8c946:231195:235878 [0] NCCL INFO 304128 Bytes -> Algo 1 proto 2 time
44.507996\neb76fba8c946:231196:235877 [1] NCCL INFO AllGather: opCount dd sendbuff 0x645200000 recvbuff 0x620000000 count 76032 datatype 0 op 0 root 0 comm 0x12b18d40 [nranks=4] stream
0xb377ee0\neb76fba8c946:231197:235876 [2] NCCL INFO AllGather: opCount de sendbuff 0x645200000 recvbuff 0x620000000 count 76032 datatype 0 op 0 root 0 comm 0x11e5d3e0 [nranks=4] stream
0xa721040\neb76fba8c946:231195:235878 [0] NCCL INFO AllGather: opCount de sendbuff 0x645200000 recvbuff 0x620000000 count 76032 datatype 0 op 0 root 0 comm 0x125e5b40 [nranks=4] stream
0xa2cbd00\neb76fba8c946:231195:235878 [0] NCCL INFO 304128 Bytes -> Algo 1 proto 2 time
44.507996\neb76fba8c946:231198:235879 [3] NCCL INFO AllGather: opCount de sendbuff 0x645200000 recvbuff 0x620000000 count 76032 datatype 0 op 0 root 0 comm 0x11fde5b0 [nranks=4] stream
0xa1484d0\neb76fba8c946:231196:235877 [1] NCCL INFO AllGather: opCount de sendbuff 0x645200000 recvbuff 0x620000000 count 76032 datatype 0 op 0 root 0 comm 0x12b18d40 [nranks=4] stream
0xb377ee0\neb76fba8c946:231195:235878 [0] NCCL INFO AllGather: opCount df sendbuff 0x645200000 recvbuff 0x620000000 count 76032 datatype 0 op 0 root 0 comm 0x125e5b40 [nranks=4] stream
0xa2cbd00\neb76fba8c946:231195:235878 [0] NCCL INFO 304128 Bytes -> Algo 1 proto 2 time
44.507996\neb76fba8c946:231197:235876 [2] NCCL INFO AllGather: opCount df sendbuff 0x645200000 recvbuff 0x620000000 count 76032 datatype 0 op 0 root 0 comm 0x11e5d3e0 [nranks=4] stream
0xa721040\neb76fba8c946:231198:235879 [3] NCCL INFO AllGather: opCount df sendbuff 0x645200000 recvbuff 0x620000000 count 76032 datatype 0 op 0 root 0 comm 0x11fde5b0 [nranks=4] stream
0xa1484d0\neb76fba8c946:231196:235877 [1] NCCL INFO AllGather: opCount df sendbuff 0x645200000 recvbuff 0x620000000 count 76032 datatype 0 op 0 root 0 comm 0x12b18d40 [nranks=4] stream
0xb377ee0\neb76fba8c946:231197:235876 [2] NCCL INFO AllGather: opCount e0 sendbuff 0x645200000 recvbuff 0x620000000 count 76032 datatype 0 op 0 root 0 comm 0x11e5d3e0 [nranks=4] stream
0xa721040\neb76fba8c946:231198:235879 [3] NCCL INFO AllGather: opCount e0 sendbuff 0x645200000 recvbuff 0x620000000 count 76032 datatype 0 op 0 root 0 comm 0x11fde5b0 [nranks=4] stream
0xa1484d0\neb76fba8c946:231196:235877 [1] NCCL INFO AllGather: opCount e0 sendbuff 0x645200000 recvbuff 0x620000000 count 76032 datatype 0 op 0 root 0 comm 0x12b18d40 [nranks=4] stream
0xb377ee0\neb76fba8c946:231195:235878 [0] NCCL INFO AllGather: opCount e0 sendbuff 0x645200000 recvbuff 0x620000000 count 76032 datatype 0 op 0 root 0 comm 0x125e5b40 [nranks=4] stream
0xa2cbd00\neb76fba8c946:231195:235878 [0] NCCL INFO 304128 Bytes -> Algo 1 proto 2 time
