44.507996\neb76fba8c946:231196:235877 [1] NCCL INFO AllGather: opCount e1 sendbuff 0x645200000 recvbuff 0x620000000 count 76032 datatype 0 op 0 root 0 comm 0x12b18d40 [nranks=4] stream
0xb377ee0\neb76fba8c946:231198:235879 [3] NCCL INFO AllGather: opCount e1 sendbuff 0x645200000 recvbuff 0x620000000 count 76032 datatype 0 op 0 root 0 comm 0x11fde5b0 [nranks=4] stream
0xa1484d0\neb76fba8c946:231197:235876 [2] NCCL INFO AllGather: opCount e1 sendbuff 0x645200000 recvbuff 0x620000000 count 76032 datatype 0 op 0 root 0 comm 0x11e5d3e0 [nranks=4] stream
0xa721040\neb76fba8c946:231195:235878 [0] NCCL INFO AllGather: opCount e1 sendbuff 0x645200000 recvbuff 0x620000000 count 76032 datatype 0 op 0 root 0 comm 0x125e5b40 [nranks=4] stream
0xa2cbd00\neb76fba8c946:231195:235878 [0] NCCL INFO 304128 Bytes -> Algo 1 proto 2 time
44.507996\neb76fba8c946:231196:235877 [1] NCCL INFO AllGather: opCount e2 sendbuff 0x645200000 recvbuff 0x620000000 count 76032 datatype 0 op 0 root 0 comm 0x12b18d40 [nranks=4] stream
0xb377ee0\neb76fba8c946:231197:235876 [2] NCCL INFO AllGather: opCount e2 sendbuff 0x645200000 recvbuff 0x620000000 count 76032 datatype 0 op 0 root 0 comm 0x11e5d3e0 [nranks=4] stream
0xa721040\neb76fba8c946:231198:235879 [3] NCCL INFO AllGather: opCount e2 sendbuff 0x645200000 recvbuff 0x620000000 count 76032 datatype 0 op 0 root 0 comm 0x11fde5b0 [nranks=4] stream
0xa1484d0\neb76fba8c946:231195:235878 [0] NCCL INFO AllGather: opCount e2 sendbuff 0x645200000 recvbuff 0x620000000 count 76032 datatype 0 op 0 root 0 comm 0x125e5b40 [nranks=4] stream
0xa2cbd00\neb76fba8c946:231195:235878 [0] NCCL INFO 304128 Bytes -> Algo 1 proto 2 time
44.507996\neb76fba8c946:231197:235876 [2] NCCL INFO AllGather: opCount e3 sendbuff 0x645200000 recvbuff 0x620000000 count 76032 datatype 0 op 0 root 0 comm 0x11e5d3e0 [nranks=4] stream
0xa721040\neb76fba8c946:231198:235879 [3] NCCL INFO AllGather: opCount e3 sendbuff 0x645200000 recvbuff 0x620000000 count 76032 datatype 0 op 0 root 0 comm 0x11fde5b0 [nranks=4] stream
0xa1484d0\neb76fba8c946:231195:235878 [0] NCCL INFO AllGather: opCount e3 sendbuff 0x645200000 recvbuff 0x620000000 count 76032 datatype 0 op 0 root 0 comm 0x125e5b40 [nranks=4] stream
0xa2cbd00\neb76fba8c946:231195:235878 [0] NCCL INFO 304128 Bytes -> Algo 1 proto 2 time
44.507996\neb76fba8c946:231196:235877 [1] NCCL INFO AllGather: opCount e3 sendbuff 0x645200000 recvbuff 0x620000000 count 76032 datatype 0 op 0 root 0 comm 0x12b18d40 [nranks=4] stream
0xb377ee0\neb76fba8c946:231197:235876 [2] NCCL INFO AllGather: opCount e4 sendbuff 0x645200000 recvbuff 0x620000000 count 76032 datatype 0 op 0 root 0 comm 0x11e5d3e0 [nranks=4] stream
0xa721040\neb76fba8c946:231195:235878 [0] NCCL INFO AllGather: opCount e4 sendbuff 0x645200000 recvbuff 0x620000000 count 76032 datatype 0 op 0 root 0 comm 0x125e5b40 [nranks=4] stream
0xa2cbd00\neb76fba8c946:231195:235878 [0] NCCL INFO 304128 Bytes -> Algo 1 proto 2 time
44.507996\neb76fba8c946:231198:235879 [3] NCCL INFO AllGather: opCount e4 sendbuff 0x645200000 recvbuff 0x620000000 count 76032 datatype 0 op 0 root 0 comm 0x11fde5b0 [nranks=4] stream
0xa1484d0\neb76fba8c946:231196:235877 [1] NCCL INFO AllGather: opCount e4 sendbuff 0x645200000 recvbuff 0x620000000 count 76032 datatype 0 op 0 root 0 comm 0x12b18d40 [nranks=4] stream
0xb377ee0\neb76fba8c946:231195:235878 [0] NCCL INFO AllGather: opCount e5 sendbuff 0x645200000 recvbuff 0x620000000 count 76032 datatype 0 op 0 root 0 comm 0x125e5b40 [nranks=4] stream
0xa2cbd00\neb76fba8c946:231195:235878 [0] NCCL INFO 304128 Bytes -> Algo 1 proto 2 time
44.507996\neb76fba8c946:231197:235876 [2] NCCL INFO AllGather: opCount e5 sendbuff 0x645200000 recvbuff 0x620000000 count 76032 datatype 0 op 0 root 0 comm 0x11e5d3e0 [nranks=4] stream
0xa721040\neb76fba8c946:231198:235879 [3] NCCL INFO AllGather: opCount e5 sendbuff 0x645200000 recvbuff 0x620000000 count 76032 datatype 0 op 0 root 0 comm 0x11fde5b0 [nranks=4] stream
0xa1484d0\neb76fba8c946:231196:235877 [1] NCCL INFO AllGather: opCount e5 sendbuff 0x645200000 recvbuff 0x620000000 count 76032 datatype 0 op 0 root 0 comm 0x12b18d40 [nranks=4] stream
0xb377ee0\neb76fba8c946:231197:235876 [2] NCCL INFO AllGather: opCount e6 sendbuff 0x645200000 recvbuff 0x620000000 count 76032 datatype 0 op 0 root 0 comm 0x11e5d3e0 [nranks=4] stream
0xa721040\neb76fba8c946:231195:235878 [0] NCCL INFO AllGather: opCount e6 sendbuff 0x645200000 recvbuff 0x620000000 count 76032 datatype 0 op 0 root 0 comm 0x125e5b40 [nranks=4] stream
0xa2cbd00\neb76fba8c946:231195:235878 [0] NCCL INFO 304128 Bytes -> Algo 1 proto 2 time
44.507996\neb76fba8c946:231198:235879 [3] NCCL INFO AllGather: opCount e6 sendbuff 0x645200000 recvbuff 0x620000000 count 76032 datatype 0 op 0 root 0 comm 0x11fde5b0 [nranks=4] stream
0xa1484d0\neb76fba8c946:231196:235877 [1] NCCL INFO AllGather: opCount e6 sendbuff 0x645200000 recvbuff 0x620000000 count 76032 datatype 0 op 0 root 0 comm 0x12b18d40 [nranks=4] stream
0xb377ee0\neb76fba8c946:231197:235876 [2] NCCL INFO AllGather: opCount e7 sendbuff 0x645200000 recvbuff 0x620000000 count 76032 datatype 0 op 0 root 0 comm 0x11e5d3e0 [nranks=4] stream
0xa721040\neb76fba8c946:231198:235879 [3] NCCL INFO AllGather: opCount e7 sendbuff 0x645200000 recvbuff 0x620000000 count 76032 datatype 0 op 0 root 0 comm 0x11fde5b0 [nranks=4] stream
0xa1484d0\neb76fba8c946:231195:235878 [0] NCCL INFO AllGather: opCount e7 sendbuff 0x645200000 recvbuff 0x620000000 count 76032 datatype 0 op 0 root 0 comm 0x125e5b40 [nranks=4] stream
0xa2cbd00\neb76fba8c946:231195:235878 [0] NCCL INFO 304128 Bytes -> Algo 1 proto 2 time
44.507996\neb76fba8c946:231196:235877 [1] NCCL INFO AllGather: opCount e7 sendbuff 0x645200000 recvbuff 0x620000000 count 76032 datatype 0 op 0 root 0 comm 0x12b18d40 [nranks=4] stream
0xb377ee0\neb76fba8c946:231197:235876 [2] NCCL INFO AllGather: opCount e8 sendbuff 0x645200000 recvbuff 0x620000000 count 76032 datatype 0 op 0 root 0 comm 0x11e5d3e0 [nranks=4] stream
0xa721040\neb76fba8c946:231195:235878 [0] NCCL INFO AllGather: opCount e8 sendbuff 0x645200000 recvbuff 0x620000000 count 76032 datatype 0 op 0 root 0 comm 0x125e5b40 [nranks=4] stream
0xa2cbd00\neb76fba8c946:231195:235878 [0] NCCL INFO 304128 Bytes -> Algo 1 proto 2 time
44.507996\neb76fba8c946:231198:235879 [3] NCCL INFO AllGather: opCount e8 sendbuff 0x645200000 recvbuff 0x620000000 count 76032 datatype 0 op 0 root 0 comm 0x11fde5b0 [nranks=4] stream
0xa1484d0\neb76fba8c946:231196:235877 [1] NCCL INFO AllGather: opCount e8 sendbuff 0x645200000 recvbuff 0x620000000 count 76032 datatype 0 op 0 root 0 comm 0x12b18d40 [nranks=4] stream
0xb377ee0\neb76fba8c946:231197:235876 [2] NCCL INFO AllGather: opCount e9 sendbuff 0x645200000 recvbuff 0x620000000 count 76032 datatype 0 op 0 root 0 comm 0x11e5d3e0 [nranks=4] stream
0xa721040\neb76fba8c946:231198:235879 [3] NCCL INFO AllGather: opCount e9 sendbuff 0x645200000 recvbuff 0x620000000 count 76032 datatype 0 op 0 root 0 comm 0x11fde5b0 [nranks=4] stream
0xa1484d0\neb76fba8c946:231196:235877 [1] NCCL INFO AllGather: opCount e9 sendbuff 0x645200000 recvbuff 0x620000000 count 76032 datatype 0 op 0 root 0 comm 0x12b18d40 [nranks=4] stream
0xb377ee0\neb76fba8c946:231195:235878 [0] NCCL INFO AllGather: opCount e9 sendbuff 0x645200000 recvbuff 0x620000000 count 76032 datatype 0 op 0 root 0 comm 0x125e5b40 [nranks=4] stream
0xa2cbd00\neb76fba8c946:231195:235878 [0] NCCL INFO 304128 Bytes -> Algo 1 proto 2 time
44.507996\neb76fba8c946:231198:235879 [3] NCCL INFO AllGather: opCount ea sendbuff 0x645200000 recvbuff 0x620000000 count 76032 datatype 0 op 0 root 0 comm 0x11fde5b0 [nranks=4] stream
0xa1484d0\neb76fba8c946:231197:235876 [2] NCCL INFO AllGather: opCount ea sendbuff 0x645200000 recvbuff 0x620000000 count 76032 datatype 0 op 0 root 0 comm 0x11e5d3e0 [nranks=4] stream
0xa721040\neb76fba8c946:231196:235877 [1] NCCL INFO AllGather: opCount ea sendbuff 0x645200000 recvbuff 0x620000000 count 76032 datatype 0 op 0 root 0 comm 0x12b18d40 [nranks=4] stream
0xb377ee0\neb76fba8c946:231195:235878 [0] NCCL INFO AllGather: opCount ea sendbuff 0x645200000 recvbuff 0x620000000 count 76032 datatype 0 op 0 root 0 comm 0x125e5b40 [nranks=4] stream
0xa2cbd00\neb76fba8c946:231195:235878 [0] NCCL INFO 304128 Bytes -> Algo 1 proto 2 time
44.507996\neb76fba8c946:231196:235877 [1] NCCL INFO AllGather: opCount eb sendbuff 0x645200000 recvbuff 0x620000000 count 76032 datatype 0 op 0 root 0 comm 0x12b18d40 [nranks=4] stream
0xb377ee0\neb76fba8c946:231195:235878 [0] NCCL INFO AllGather: opCount eb sendbuff 0x645200000 recvbuff 0x620000000 count 76032 datatype 0 op 0 root 0 comm 0x125e5b40 [nranks=4] stream
0xa2cbd00\neb76fba8c946:231195:235878 [0] NCCL INFO 304128 Bytes -> Algo 1 proto 2 time
44.507996\neb76fba8c946:231197:235876 [2] NCCL INFO AllGather: opCount eb sendbuff 0x645200000 recvbuff 0x620000000 count 76032 datatype 0 op 0 root 0 comm 0x11e5d3e0 [nranks=4] stream
0xa721040\neb76fba8c946:231198:235879 [3] NCCL INFO AllGather: opCount eb sendbuff 0x645200000 recvbuff 0x620000000 count 76032 datatype 0 op 0 root 0 comm 0x11fde5b0 [nranks=4] stream
0xa1484d0\neb76fba8c946:231197:235876 [2] NCCL INFO AllGather: opCount ec sendbuff 0x645200000 recvbuff 0x620000000 count 76032 datatype 0 op 0 root 0 comm 0x11e5d3e0 [nranks=4] stream
0xa721040\neb76fba8c946:231195:235878 [0] NCCL INFO AllGather: opCount ec sendbuff 0x645200000 recvbuff 0x620000000 count 76032 datatype 0 op 0 root 0 comm 0x125e5b40 [nranks=4] stream
0xa2cbd00\neb76fba8c946:231195:235878 [0] NCCL INFO 304128 Bytes -> Algo 1 proto 2 time
44.507996\neb76fba8c946:231198:235879 [3] NCCL INFO AllGather: opCount ec sendbuff 0x645200000 recvbuff 0x620000000 count 76032 datatype 0 op 0 root 0 comm 0x11fde5b0 [nranks=4] stream
0xa1484d0\neb76fba8c946:231196:235877 [1] NCCL INFO AllGather: opCount ec sendbuff 0x645200000 recvbuff 0x620000000 count 76032 datatype 0 op 0 root 0 comm 0x12b18d40 [nranks=4] stream
0xb377ee0\neb76fba8c946:231197:235876 [2] NCCL INFO AllGather: opCount ed sendbuff 0x645200000 recvbuff 0x620000000 count 76032 datatype 0 op 0 root 0 comm 0x11e5d3e0 [nranks=4] stream
0xa721040\neb76fba8c946:231195:235878 [0] NCCL INFO AllGather: opCount ed sendbuff 0x645200000 recvbuff 0x620000000 count 76032 datatype 0 op 0 root 0 comm 0x125e5b40 [nranks=4] stream
0xa2cbd00\neb76fba8c946:231195:235878 [0] NCCL INFO 304128 Bytes -> Algo 1 proto 2 time
44.507996\neb76fba8c946:231198:235879 [3] NCCL INFO AllGather: opCount ed sendbuff 0x645200000 recvbuff 0x620000000 count 76032 datatype 0 op 0 root 0 comm 0x11fde5b0 [nranks=4] stream
0xa1484d0\neb76fba8c946:231196:235877 [1] NCCL INFO AllGather: opCount ed sendbuff 0x645200000 recvbuff 0x620000000 count 76032 datatype 0 op 0 root 0 comm 0x12b18d40 [nranks=4] stream
0xb377ee0\neb76fba8c946:231197:235876 [2] NCCL INFO AllGather: opCount ee sendbuff 0x645200000 recvbuff 0x620000000 count 76032 datatype 0 op 0 root 0 comm 0x11e5d3e0 [nranks=4] stream
0xa721040\neb76fba8c946:231195:235878 [0] NCCL INFO AllGather: opCount ee sendbuff 0x645200000 recvbuff 0x620000000 count 76032 datatype 0 op 0 root 0 comm 0x125e5b40 [nranks=4] stream
0xa2cbd00\neb76fba8c946:231195:235878 [0] NCCL INFO 304128 Bytes -> Algo 1 proto 2 time
44.507996\neb76fba8c946:231198:235879 [3] NCCL INFO AllGather: opCount ee sendbuff 0x645200000 recvbuff 0x620000000 count 76032 datatype 0 op 0 root 0 comm 0x11fde5b0 [nranks=4] stream
0xa1484d0\neb76fba8c946:231196:235877 [1] NCCL INFO AllGather: opCount ee sendbuff 0x645200000 recvbuff 0x620000000 count 76032 datatype 0 op 0 root 0 comm 0x12b18d40 [nranks=4] stream
0xb377ee0\neb76fba8c946:231195:235878 [0] NCCL INFO AllGather: opCount ef sendbuff 0x645200000 recvbuff 0x620000000 count 76032 datatype 0 op 0 root 0 comm 0x125e5b40 [nranks=4] stream
0xa2cbd00\neb76fba8c946:231195:235878 [0] NCCL INFO 304128 Bytes -> Algo 1 proto 2 time
44.507996\neb76fba8c946:231198:235879 [3] NCCL INFO AllGather: opCount ef sendbuff 0x645200000 recvbuff 0x620000000 count 76032 datatype 0 op 0 root 0 comm 0x11fde5b0 [nranks=4] stream
0xa1484d0\neb76fba8c946:231196:235877 [1] NCCL INFO AllGather: opCount ef sendbuff 0x645200000 recvbuff 0x620000000 count 76032 datatype 0 op 0 root 0 comm 0x12b18d40 [nranks=4] stream
0xb377ee0\neb76fba8c946:231197:235876 [2] NCCL INFO AllGather: opCount ef sendbuff 0x645200000 recvbuff 0x620000000 count 76032 datatype 0 op 0 root 0 comm 0x11e5d3e0 [nranks=4] stream
0xa721040\neb76fba8c946:231195:235878 [0] NCCL INFO AllGather: opCount f0 sendbuff 0x645200000 recvbuff 0x620000000 count 76032 datatype 0 op 0 root 0 comm 0x125e5b40 [nranks=4] stream
0xa2cbd00\neb76fba8c946:231195:235878 [0] NCCL INFO 304128 Bytes -> Algo 1 proto 2 time
44.507996\neb76fba8c946:231198:235879 [3] NCCL INFO AllGather: opCount f0 sendbuff 0x645200000 recvbuff 0x620000000 count 76032 datatype 0 op 0 root 0 comm 0x11fde5b0 [nranks=4] stream
0xa1484d0\neb76fba8c946:231196:235877 [1] NCCL INFO AllGather: opCount f0 sendbuff 0x645200000 recvbuff 0x620000000 count 76032 datatype 0 op 0 root 0 comm 0x12b18d40 [nranks=4] stream
0xb377ee0\neb76fba8c946:231197:235876 [2] NCCL INFO AllGather: opCount f0 sendbuff 0x645200000 recvbuff 0x620000000 count 76032 datatype 0 op 0 root 0 comm 0x11e5d3e0 [nranks=4] stream
0xa721040\neb76fba8c946:231197:235876 [2] NCCL INFO AllGather: opCount f1 sendbuff 0x645200000 recvbuff 0x620000000 count 76032 datatype 0 op 0 root 0 comm 0x11e5d3e0 [nranks=4] stream
0xa721040\neb76fba8c946:231198:235879 [3] NCCL INFO AllGather: opCount f1 sendbuff 0x645200000 recvbuff 0x620000000 count 76032 datatype 0 op 0 root 0 comm 0x11fde5b0 [nranks=4] stream
0xa1484d0\neb76fba8c946:231195:235878 [0] NCCL INFO AllGather: opCount f1 sendbuff 0x645200000 recvbuff 0x620000000 count 76032 datatype 0 op 0 root 0 comm 0x125e5b40 [nranks=4] stream
0xa2cbd00\neb76fba8c946:231195:235878 [0] NCCL INFO 304128 Bytes -> Algo 1 proto 2 time
44.507996\neb76fba8c946:231196:235877 [1] NCCL INFO AllGather: opCount f1 sendbuff 0x645200000 recvbuff 0x620000000 count 76032 datatype 0 op 0 root 0 comm 0x12b18d40 [nranks=4] stream
0xb377ee0\neb76fba8c946:231197:235876 [2] NCCL INFO AllGather: opCount f2 sendbuff 0x645200000 recvbuff 0x620000000 count 76032 datatype 0 op 0 root 0 comm 0x11e5d3e0 [nranks=4] stream
0xa721040\neb76fba8c946:231198:235879 [3] NCCL INFO AllGather: opCount f2 sendbuff 0x645200000 recvbuff 0x620000000 count 76032 datatype 0 op 0 root 0 comm 0x11fde5b0 [nranks=4] stream
0xa1484d0\neb76fba8c946:231196:235877 [1] NCCL INFO AllGather: opCount f2 sendbuff 0x645200000 recvbuff 0x620000000 count 76032 datatype 0 op 0 root 0 comm 0x12b18d40 [nranks=4] stream
0xb377ee0\neb76fba8c946:231195:235878 [0] NCCL INFO AllGather: opCount f2 sendbuff 0x645200000 recvbuff 0x620000000 count 76032 datatype 0 op 0 root 0 comm 0x125e5b40 [nranks=4] stream
0xa2cbd00\neb76fba8c946:231195:235878 [0] NCCL INFO 304128 Bytes -> Algo 1 proto 2 time
44.507996\neb76fba8c946:231197:235876 [2] NCCL INFO AllGather: opCount f3 sendbuff 0x645200000 recvbuff 0x620000000 count 76032 datatype 0 op 0 root 0 comm 0x11e5d3e0 [nranks=4] stream
0xa721040\neb76fba8c946:231198:235879 [3] NCCL INFO AllGather: opCount f3 sendbuff 0x645200000 recvbuff 0x620000000 count 76032 datatype 0 op 0 root 0 comm 0x11fde5b0 [nranks=4] stream
0xa1484d0\neb76fba8c946:231196:235877 [1] NCCL INFO AllGather: opCount f3 sendbuff 0x645200000 recvbuff 0x620000000 count 76032 datatype 0 op 0 root 0 comm 0x12b18d40 [nranks=4] stream
0xb377ee0\neb76fba8c946:231195:235878 [0] NCCL INFO AllGather: opCount f3 sendbuff 0x645200000 recvbuff 0x620000000 count 76032 datatype 0 op 0 root 0 comm 0x125e5b40 [nranks=4] stream
0xa2cbd00\neb76fba8c946:231195:235878 [0] NCCL INFO 304128 Bytes -> Algo 1 proto 2 time
44.507996\neb76fba8c946:231197:235876 [2] NCCL INFO AllGather: opCount f4 sendbuff 0x645200000 recvbuff 0x620000000 count 76032 datatype 0 op 0 root 0 comm 0x11e5d3e0 [nranks=4] stream
0xa721040\neb76fba8c946:231198:235879 [3] NCCL INFO AllGather: opCount f4 sendbuff 0x645200000 recvbuff 0x620000000 count 76032 datatype 0 op 0 root 0 comm 0x11fde5b0 [nranks=4] stream
0xa1484d0\neb76fba8c946:231195:235878 [0] NCCL INFO AllGather: opCount f4 sendbuff 0x645200000 recvbuff 0x620000000 count 76032 datatype 0 op 0 root 0 comm 0x125e5b40 [nranks=4] stream
0xa2cbd00\neb76fba8c946:231195:235878 [0] NCCL INFO 304128 Bytes -> Algo 1 proto 2 time
44.507996\neb76fba8c946:231196:235877 [1] NCCL INFO AllGather: opCount f4 sendbuff 0x645200000 recvbuff 0x620000000 count 76032 datatype 0 op 0 root 0 comm 0x12b18d40 [nranks=4] stream
0xb377ee0\neb76fba8c946:231197:235876 [2] NCCL INFO AllGather: opCount f5 sendbuff 0x645200000 recvbuff 0x620000000 count 76032 datatype 0 op 0 root 0 comm 0x11e5d3e0 [nranks=4] stream
0xa721040\neb76fba8c946:231195:235878 [0] NCCL INFO AllGather: opCount f5 sendbuff 0x645200000 recvbuff 0x620000000 count 76032 datatype 0 op 0 root 0 comm 0x125e5b40 [nranks=4] stream
0xa2cbd00\neb76fba8c946:231195:235878 [0] NCCL INFO 304128 Bytes -> Algo 1 proto 2 time
44.507996\neb76fba8c946:231198:235879 [3] NCCL INFO AllGather: opCount f5 sendbuff 0x645200000 recvbuff 0x620000000 count 76032 datatype 0 op 0 root 0 comm 0x11fde5b0 [nranks=4] stream
0xa1484d0\neb76fba8c946:231196:235877 [1] NCCL INFO AllGather: opCount f5 sendbuff 0x645200000 recvbuff 0x620000000 count 76032 datatype 0 op 0 root 0 comm 0x12b18d40 [nranks=4] stream
0xb377ee0\neb76fba8c946:231197:235876 [2] NCCL INFO AllGather: opCount f6 sendbuff 0x645200000 recvbuff 0x620000000 count 76032 datatype 0 op 0 root 0 comm 0x11e5d3e0 [nranks=4] stream
0xa721040\neb76fba8c946:231198:235879 [3] NCCL INFO AllGather: opCount f6 sendbuff 0x645200000 recvbuff 0x620000000 count 76032 datatype 0 op 0 root 0 comm 0x11fde5b0 [nranks=4] stream
0xa1484d0\neb76fba8c946:231195:235878 [0] NCCL INFO AllGather: opCount f6 sendbuff 0x645200000 recvbuff 0x620000000 count 76032 datatype 0 op 0 root 0 comm 0x125e5b40 [nranks=4] stream
0xa2cbd00\neb76fba8c946:231195:235878 [0] NCCL INFO 304128 Bytes -> Algo 1 proto 2 time
44.507996\neb76fba8c946:231196:235877 [1] NCCL INFO AllGather: opCount f6 sendbuff 0x645200000 recvbuff 0x620000000 count 76032 datatype 0 op 0 root 0 comm 0x12b18d40 [nranks=4] stream
0xb377ee0\neb76fba8c946:231197:235876 [2] NCCL INFO AllGather: opCount f7 sendbuff 0x645200000 recvbuff 0x620000000 count 76032 datatype 0 op 0 root 0 comm 0x11e5d3e0 [nranks=4] stream
0xa721040\neb76fba8c946:231195:235878 [0] NCCL INFO AllGather: opCount f7 sendbuff 0x645200000 recvbuff 0x620000000 count 76032 datatype 0 op 0 root 0 comm 0x125e5b40 [nranks=4] stream
0xa2cbd00\neb76fba8c946:231195:235878 [0] NCCL INFO 304128 Bytes -> Algo 1 proto 2 time
44.507996\neb76fba8c946:231198:235879 [3] NCCL INFO AllGather: opCount f7 sendbuff 0x645200000 recvbuff 0x620000000 count 76032 datatype 0 op 0 root 0 comm 0x11fde5b0 [nranks=4] stream
0xa1484d0\neb76fba8c946:231196:235877 [1] NCCL INFO AllGather: opCount f7 sendbuff 0x645200000 recvbuff 0x620000000 count 76032 datatype 0 op 0 root 0 comm 0x12b18d40 [nranks=4] stream
0xb377ee0\neb76fba8c946:231195:235878 [0] NCCL INFO AllGather: opCount f8 sendbuff 0x645200000 recvbuff 0x620000000 count 76032 datatype 0 op 0 root 0 comm 0x125e5b40 [nranks=4] stream
0xa2cbd00\neb76fba8c946:231195:235878 [0] NCCL INFO 304128 Bytes -> Algo 1 proto 2 time
44.507996\neb76fba8c946:231197:235876 [2] NCCL INFO AllGather: opCount f8 sendbuff 0x645200000 recvbuff 0x620000000 count 76032 datatype 0 op 0 root 0 comm 0x11e5d3e0 [nranks=4] stream
0xa721040\neb76fba8c946:231198:235879 [3] NCCL INFO AllGather: opCount f8 sendbuff 0x645200000 recvbuff 0x620000000 count 76032 datatype 0 op 0 root 0 comm 0x11fde5b0 [nranks=4] stream
0xa1484d0\neb76fba8c946:231196:235877 [1] NCCL INFO AllGather: opCount f8 sendbuff 0x645200000 recvbuff 0x620000000 count 76032 datatype 0 op 0 root 0 comm 0x12b18d40 [nranks=4] stream
0xb377ee0\neb76fba8c946:231197:235876 [2] NCCL INFO AllGather: opCount f9 sendbuff 0x645200000 recvbuff 0x620000000 count 76032 datatype 0 op 0 root 0 comm 0x11e5d3e0 [nranks=4] stream
0xa721040\neb76fba8c946:231198:235879 [3] NCCL INFO AllGather: opCount f9 sendbuff 0x645200000 recvbuff 0x620000000 count 76032 datatype 0 op 0 root 0 comm 0x11fde5b0 [nranks=4] stream
0xa1484d0\neb76fba8c946:231196:235877 [1] NCCL INFO AllGather: opCount f9 sendbuff 0x645200000 recvbuff 0x620000000 count 76032 datatype 0 op 0 root 0 comm 0x12b18d40 [nranks=4] stream
0xb377ee0\neb76fba8c946:231195:235878 [0] NCCL INFO AllGather: opCount f9 sendbuff 0x645200000 recvbuff 0x620000000 count 76032 datatype 0 op 0 root 0 comm 0x125e5b40 [nranks=4] stream
0xa2cbd00\neb76fba8c946:231195:235878 [0] NCCL INFO 304128 Bytes -> Algo 1 proto 2 time
44.507996\neb76fba8c946:231196:235877 [1] NCCL INFO AllGather: opCount fa sendbuff 0x645200000 recvbuff 0x620000000 count 76032 datatype 0 op 0 root 0 comm 0x12b18d40 [nranks=4] stream
0xb377ee0\neb76fba8c946:231198:235879 [3] NCCL INFO AllGather: opCount fa sendbuff 0x645200000 recvbuff 0x620000000 count 76032 datatype 0 op 0 root 0 comm 0x11fde5b0 [nranks=4] stream
0xa1484d0\neb76fba8c946:231197:235876 [2] NCCL INFO AllGather: opCount fa sendbuff 0x645200000 recvbuff 0x620000000 count 76032 datatype 0 op 0 root 0 comm 0x11e5d3e0 [nranks=4] stream
0xa721040\neb76fba8c946:231195:235878 [0] NCCL INFO AllGather: opCount fa sendbuff 0x645200000 recvbuff 0x620000000 count 76032 datatype 0 op 0 root 0 comm 0x125e5b40 [nranks=4] stream
0xa2cbd00\neb76fba8c946:231195:235878 [0] NCCL INFO 304128 Bytes -> Algo 1 proto 2 time
44.507996\neb76fba8c946:231195:235878 [0] NCCL INFO AllGather: opCount fb sendbuff 0x645200000 recvbuff 0x620000000 count 76032 datatype 0 op 0 root 0 comm 0x125e5b40 [nranks=4] stream
0xa2cbd00\neb76fba8c946:231195:235878 [0] NCCL INFO 304128 Bytes -> Algo 1 proto 2 time
44.507996\neb76fba8c946:231197:235876 [2] NCCL INFO AllGather: opCount fb sendbuff 0x645200000 recvbuff 0x620000000 count 76032 datatype 0 op 0 root 0 comm 0x11e5d3e0 [nranks=4] stream
0xa721040\neb76fba8c946:231198:235879 [3] NCCL INFO AllGather: opCount fb sendbuff 0x645200000 recvbuff 0x620000000 count 76032 datatype 0 op 0 root 0 comm 0x11fde5b0 [nranks=4] stream
0xa1484d0\neb76fba8c946:231196:235877 [1] NCCL INFO AllGather: opCount fb sendbuff 0x645200000 recvbuff 0x620000000 count 76032 datatype 0 op 0 root 0 comm 0x12b18d40 [nranks=4] stream
0xb377ee0\neb76fba8c946:231195:235878 [0] NCCL INFO AllGather: opCount fc sendbuff 0x645200000 recvbuff 0x620000000 count 76032 datatype 0 op 0 root 0 comm 0x125e5b40 [nranks=4] stream
0xa2cbd00\neb76fba8c946:231195:235878 [0] NCCL INFO 304128 Bytes -> Algo 1 proto 2 time
44.507996\neb76fba8c946:231197:235876 [2] NCCL INFO AllGather: opCount fc sendbuff 0x645200000 recvbuff 0x620000000 count 76032 datatype 0 op 0 root 0 comm 0x11e5d3e0 [nranks=4] stream
0xa721040\neb76fba8c946:231198:235879 [3] NCCL INFO AllGather: opCount fc sendbuff 0x645200000 recvbuff 0x620000000 count 76032 datatype 0 op 0 root 0 comm 0x11fde5b0 [nranks=4] stream
0xa1484d0\neb76fba8c946:231196:235877 [1] NCCL INFO AllGather: opCount fc sendbuff 0x645200000 recvbuff 0x620000000 count 76032 datatype 0 op 0 root 0 comm 0x12b18d40 [nranks=4] stream
0xb377ee0\neb76fba8c946:231195:235878 [0] NCCL INFO AllGather: opCount fd sendbuff 0x645200000 recvbuff 0x620000000 count 76032 datatype 0 op 0 root 0 comm 0x125e5b40 [nranks=4] stream
0xa2cbd00\neb76fba8c946:231195:235878 [0] NCCL INFO 304128 Bytes -> Algo 1 proto 2 time
44.507996\neb76fba8c946:231197:235876 [2] NCCL INFO AllGather: opCount fd sendbuff 0x645200000 recvbuff 0x620000000 count 76032 datatype 0 op 0 root 0 comm 0x11e5d3e0 [nranks=4] stream
0xa721040\neb76fba8c946:231198:235879 [3] NCCL INFO AllGather: opCount fd sendbuff 0x645200000 recvbuff 0x620000000 count 76032 datatype 0 op 0 root 0 comm 0x11fde5b0 [nranks=4] stream
0xa1484d0\neb76fba8c946:231196:235877 [1] NCCL INFO AllGather: opCount fd sendbuff 0x645200000 recvbuff 0x620000000 count 76032 datatype 0 op 0 root 0 comm 0x12b18d40 [nranks=4] stream
0xb377ee0\neb76fba8c946:231197:235876 [2] NCCL INFO AllGather: opCount fe sendbuff 0x645200000 recvbuff 0x620000000 count 76032 datatype 0 op 0 root 0 comm 0x11e5d3e0 [nranks=4] stream
0xa721040\neb76fba8c946:231198:235879 [3] NCCL INFO AllGather: opCount fe sendbuff 0x645200000 recvbuff 0x620000000 count 76032 datatype 0 op 0 root 0 comm 0x11fde5b0 [nranks=4] stream
0xa1484d0\neb76fba8c946:231195:235878 [0] NCCL INFO AllGather: opCount fe sendbuff 0x645200000 recvbuff 0x620000000 count 76032 datatype 0 op 0 root 0 comm 0x125e5b40 [nranks=4] stream
0xa2cbd00\neb76fba8c946:231195:235878 [0] NCCL INFO 304128 Bytes -> Algo 1 proto 2 time
44.507996\neb76fba8c946:231196:235877 [1] NCCL INFO AllGather: opCount fe sendbuff 0x645200000 recvbuff 0x620000000 count 76032 datatype 0 op 0 root 0 comm 0x12b18d40 [nranks=4] stream
0xb377ee0\neb76fba8c946:231197:235876 [2] NCCL INFO AllGather: opCount ff sendbuff 0x645200000 recvbuff 0x620000000 count 76032 datatype 0 op 0 root 0 comm 0x11e5d3e0 [nranks=4] stream
0xa721040\neb76fba8c946:231198:235879 [3] NCCL INFO AllGather: opCount ff sendbuff 0x645200000 recvbuff 0x620000000 count 76032 datatype 0 op 0 root 0 comm 0x11fde5b0 [nranks=4] stream
0xa1484d0\neb76fba8c946:231195:235878 [0] NCCL INFO AllGather: opCount ff sendbuff 0x645200000 recvbuff 0x620000000 count 76032 datatype 0 op 0 root 0 comm 0x125e5b40 [nranks=4] stream
0xa2cbd00\neb76fba8c946:231195:235878 [0] NCCL INFO 304128 Bytes -> Algo 1 proto 2 time
44.507996\neb76fba8c946:231196:235877 [1] NCCL INFO AllGather: opCount ff sendbuff 0x645200000 recvbuff 0x620000000 count 76032 datatype 0 op 0 root 0 comm 0x12b18d40 [nranks=4] stream
0xb377ee0\neb76fba8c946:231198:235879 [3] NCCL INFO AllGather: opCount 100 sendbuff 0x645200000 recvbuff 0x620000000 count 76032 datatype 0 op 0 root 0 comm 0x11fde5b0 [nranks=4] stream
0xa1484d0\neb76fba8c946:231197:235876 [2] NCCL INFO AllGather: opCount 100 sendbuff 0x645200000 recvbuff 0x620000000 count 76032 datatype 0 op 0 root 0 comm 0x11e5d3e0 [nranks=4] stream
0xa721040\neb76fba8c946:231195:235878 [0] NCCL INFO AllGather: opCount 100 sendbuff 0x645200000 recvbuff 0x620000000 count 76032 datatype 0 op 0 root 0 comm 0x125e5b40 [nranks=4] stream
0xa2cbd00\neb76fba8c946:231195:235878 [0] NCCL INFO 304128 Bytes -> Algo 1 proto 2 time
44.507996\neb76fba8c946:231196:235877 [1] NCCL INFO AllGather: opCount 100 sendbuff 0x645200000 recvbuff 0x620000000 count 76032 datatype 0 op 0 root 0 comm 0x12b18d40 [nranks=4] stream
0xb377ee0\neb76fba8c946:231197:235876 [2] NCCL INFO AllGather: opCount 101 sendbuff 0x645200000 recvbuff 0x620000000 count 76032 datatype 0 op 0 root 0 comm 0x11e5d3e0 [nranks=4] stream
0xa721040\neb76fba8c946:231198:235879 [3] NCCL INFO AllGather: opCount 101 sendbuff 0x645200000 recvbuff 0x620000000 count 76032 datatype 0 op 0 root 0 comm 0x11fde5b0 [nranks=4] stream
0xa1484d0\neb76fba8c946:231196:235877 [1] NCCL INFO AllGather: opCount 101 sendbuff 0x645200000 recvbuff 0x620000000 count 76032 datatype 0 op 0 root 0 comm 0x12b18d40 [nranks=4] stream
0xb377ee0\neb76fba8c946:231195:235878 [0] NCCL INFO AllGather: opCount 101 sendbuff 0x645200000 recvbuff 0x620000000 count 76032 datatype 0 op 0 root 0 comm 0x125e5b40 [nranks=4] stream
0xa2cbd00\neb76fba8c946:231195:235878 [0] NCCL INFO 304128 Bytes -> Algo 1 proto 2 time
44.507996\neb76fba8c946:231197:235876 [2] NCCL INFO AllGather: opCount 102 sendbuff 0x645200000 recvbuff 0x620000000 count 76032 datatype 0 op 0 root 0 comm 0x11e5d3e0 [nranks=4] stream
0xa721040\neb76fba8c946:231198:235879 [3] NCCL INFO AllGather: opCount 102 sendbuff 0x645200000 recvbuff 0x620000000 count 76032 datatype 0 op 0 root 0 comm 0x11fde5b0 [nranks=4] stream
0xa1484d0\neb76fba8c946:231196:235877 [1] NCCL INFO AllGather: opCount 102 sendbuff 0x645200000 recvbuff 0x620000000 count 76032 datatype 0 op 0 root 0 comm 0x12b18d40 [nranks=4] stream
0xb377ee0\neb76fba8c946:231195:235878 [0] NCCL INFO AllGather: opCount 102 sendbuff 0x645200000 recvbuff 0x620000000 count 76032 datatype 0 op 0 root 0 comm 0x125e5b40 [nranks=4] stream
0xa2cbd00\neb76fba8c946:231195:235878 [0] NCCL INFO 304128 Bytes -> Algo 1 proto 2 time
44.507996\neb76fba8c946:231197:235876 [2] NCCL INFO AllGather: opCount 103 sendbuff 0x645200000 recvbuff 0x620000000 count 76032 datatype 0 op 0 root 0 comm 0x11e5d3e0 [nranks=4] stream
0xa721040\neb76fba8c946:231198:235879 [3] NCCL INFO AllGather: opCount 103 sendbuff 0x645200000 recvbuff 0x620000000 count 76032 datatype 0 op 0 root 0 comm 0x11fde5b0 [nranks=4] stream
0xa1484d0\neb76fba8c946:231195:235878 [0] NCCL INFO AllGather: opCount 103 sendbuff 0x645200000 recvbuff 0x620000000 count 76032 datatype 0 op 0 root 0 comm 0x125e5b40 [nranks=4] stream
0xa2cbd00\neb76fba8c946:231195:235878 [0] NCCL INFO 304128 Bytes -> Algo 1 proto 2 time
44.507996\neb76fba8c946:231196:235877 [1] NCCL INFO AllGather: opCount 103 sendbuff 0x645200000 recvbuff 0x620000000 count 76032 datatype 0 op 0 root 0 comm 0x12b18d40 [nranks=4] stream
0xb377ee0\neb76fba8c946:231197:235876 [2] NCCL INFO AllGather: opCount 104 sendbuff 0x645200000 recvbuff 0x620000000 count 76032 datatype 0 op 0 root 0 comm 0x11e5d3e0 [nranks=4] stream
0xa721040\neb76fba8c946:231198:235879 [3] NCCL INFO AllGather: opCount 104 sendbuff 0x645200000 recvbuff 0x620000000 count 76032 datatype 0 op 0 root 0 comm 0x11fde5b0 [nranks=4] stream
0xa1484d0\neb76fba8c946:231195:235878 [0] NCCL INFO AllGather: opCount 104 sendbuff 0x645200000 recvbuff 0x620000000 count 76032 datatype 0 op 0 root 0 comm 0x125e5b40 [nranks=4] stream
0xa2cbd00\neb76fba8c946:231195:235878 [0] NCCL INFO 304128 Bytes -> Algo 1 proto 2 time
44.507996\neb76fba8c946:231196:235877 [1] NCCL INFO AllGather: opCount 104 sendbuff 0x645200000 recvbuff 0x620000000 count 76032 datatype 0 op 0 root 0 comm 0x12b18d40 [nranks=4] stream
0xb377ee0\neb76fba8c946:231197:235876 [2] NCCL INFO AllGather: opCount 105 sendbuff 0x645200000 recvbuff 0x620000000 count 76032 datatype 0 op 0 root 0 comm 0x11e5d3e0 [nranks=4] stream
0xa721040\neb76fba8c946:231195:235878 [0] NCCL INFO AllGather: opCount 105 sendbuff 0x645200000 recvbuff 0x620000000 count 76032 datatype 0 op 0 root 0 comm 0x125e5b40 [nranks=4] stream
0xa2cbd00\neb76fba8c946:231195:235878 [0] NCCL INFO 304128 Bytes -> Algo 1 proto 2 time
44.507996\neb76fba8c946:231198:235879 [3] NCCL INFO AllGather: opCount 105 sendbuff 0x645200000 recvbuff 0x620000000 count 76032 datatype 0 op 0 root 0 comm 0x11fde5b0 [nranks=4] stream
0xa1484d0\neb76fba8c946:231196:235877 [1] NCCL INFO AllGather: opCount 105 sendbuff 0x645200000 recvbuff 0x620000000 count 76032 datatype 0 op 0 root 0 comm 0x12b18d40 [nranks=4] stream
0xb377ee0\neb76fba8c946:231197:235876 [2] NCCL INFO AllGather: opCount 106 sendbuff 0x645200000 recvbuff 0x620000000 count 76032 datatype 0 op 0 root 0 comm 0x11e5d3e0 [nranks=4] stream
0xa721040\neb76fba8c946:231198:235879 [3] NCCL INFO AllGather: opCount 106 sendbuff 0x645200000 recvbuff 0x620000000 count 76032 datatype 0 op 0 root 0 comm 0x11fde5b0 [nranks=4] stream
0xa1484d0\neb76fba8c946:231195:235878 [0] NCCL INFO AllGather: opCount 106 sendbuff 0x645200000 recvbuff 0x620000000 count 76032 datatype 0 op 0 root 0 comm 0x125e5b40 [nranks=4] stream
0xa2cbd00\neb76fba8c946:231195:235878 [0] NCCL INFO 304128 Bytes -> Algo 1 proto 2 time
44.507996\neb76fba8c946:231196:235877 [1] NCCL INFO AllGather: opCount 106 sendbuff 0x645200000 recvbuff 0x620000000 count 76032 datatype 0 op 0 root 0 comm 0x12b18d40 [nranks=4] stream
0xb377ee0\neb76fba8c946:231197:235876 [2] NCCL INFO AllGather: opCount 107 sendbuff 0x645200000 recvbuff 0x620000000 count 76032 datatype 0 op 0 root 0 comm 0x11e5d3e0 [nranks=4] stream
0xa721040\neb76fba8c946:231195:235878 [0] NCCL INFO AllGather: opCount 107 sendbuff 0x645200000 recvbuff 0x620000000 count 76032 datatype 0 op 0 root 0 comm 0x125e5b40 [nranks=4] stream
0xa2cbd00\neb76fba8c946:231195:235878 [0] NCCL INFO 304128 Bytes -> Algo 1 proto 2 time
44.507996\neb76fba8c946:231198:235879 [3] NCCL INFO AllGather: opCount 107 sendbuff 0x645200000 recvbuff 0x620000000 count 76032 datatype 0 op 0 root 0 comm 0x11fde5b0 [nranks=4] stream
0xa1484d0\neb76fba8c946:231196:235877 [1] NCCL INFO AllGather: opCount 107 sendbuff 0x645200000 recvbuff 0x620000000 count 76032 datatype 0 op 0 root 0 comm 0x12b18d40 [nranks=4] stream
0xb377ee0\neb76fba8c946:231197:235876 [2] NCCL INFO AllGather: opCount 108 sendbuff 0x645200000 recvbuff 0x620000000 count 76032 datatype 0 op 0 root 0 comm 0x11e5d3e0 [nranks=4] stream
0xa721040\neb76fba8c946:231198:235879 [3] NCCL INFO AllGather: opCount 108 sendbuff 0x645200000 recvbuff 0x620000000 count 76032 datatype 0 op 0 root 0 comm 0x11fde5b0 [nranks=4] stream
0xa1484d0\neb76fba8c946:231196:235877 [1] NCCL INFO AllGather: opCount 108 sendbuff 0x645200000 recvbuff 0x620000000 count 76032 datatype 0 op 0 root 0 comm 0x12b18d40 [nranks=4] stream
0xb377ee0\neb76fba8c946:231195:235878 [0] NCCL INFO AllGather: opCount 108 sendbuff 0x645200000 recvbuff 0x620000000 count 76032 datatype 0 op 0 root 0 comm 0x125e5b40 [nranks=4] stream
0xa2cbd00\neb76fba8c946:231195:235878 [0] NCCL INFO 304128 Bytes -> Algo 1 proto 2 time
44.507996\neb76fba8c946:231197:235876 [2] NCCL INFO AllGather: opCount 109 sendbuff 0x645200000 recvbuff 0x620000000 count 76032 datatype 0 op 0 root 0 comm 0x11e5d3e0 [nranks=4] stream
0xa721040\neb76fba8c946:231196:235877 [1] NCCL INFO AllGather: opCount 109 sendbuff 0x645200000 recvbuff 0x620000000 count 76032 datatype 0 op 0 root 0 comm 0x12b18d40 [nranks=4] stream
0xb377ee0\neb76fba8c946:231198:235879 [3] NCCL INFO AllGather: opCount 109 sendbuff 0x645200000 recvbuff 0x620000000 count 76032 datatype 0 op 0 root 0 comm 0x11fde5b0 [nranks=4] stream
0xa1484d0\neb76fba8c946:231195:235878 [0] NCCL INFO AllGather: opCount 109 sendbuff 0x645200000 recvbuff 0x620000000 count 76032 datatype 0 op 0 root 0 comm 0x125e5b40 [nranks=4] stream
0xa2cbd00\neb76fba8c946:231195:235878 [0] NCCL INFO 304128 Bytes -> Algo 1 proto 2 time
44.507996\neb76fba8c946:231197:235876 [2] NCCL INFO AllGather: opCount 10a sendbuff 0x645200000 recvbuff 0x620000000 count 76032 datatype 0 op 0 root 0 comm 0x11e5d3e0 [nranks=4] stream
0xa721040\neb76fba8c946:231198:235879 [3] NCCL INFO AllGather: opCount 10a sendbuff 0x645200000 recvbuff 0x620000000 count 76032 datatype 0 op 0 root 0 comm 0x11fde5b0 [nranks=4] stream
0xa1484d0\neb76fba8c946:231195:235878 [0] NCCL INFO AllGather: opCount 10a sendbuff 0x645200000 recvbuff 0x620000000 count 76032 datatype 0 op 0 root 0 comm 0x125e5b40 [nranks=4] stream
0xa2cbd00\neb76fba8c946:231195:235878 [0] NCCL INFO 304128 Bytes -> Algo 1 proto 2 time
44.507996\neb76fba8c946:231196:235877 [1] NCCL INFO AllGather: opCount 10a sendbuff 0x645200000 recvbuff 0x620000000 count 76032 datatype 0 op 0 root 0 comm 0x12b18d40 [nranks=4] stream
0xb377ee0\neb76fba8c946:231197:235876 [2] NCCL INFO AllGather: opCount 10b sendbuff 0x645200000 recvbuff 0x620000000 count 76032 datatype 0 op 0 root 0 comm 0x11e5d3e0 [nranks=4] stream
0xa721040\neb76fba8c946:231198:235879 [3] NCCL INFO AllGather: opCount 10b sendbuff 0x645200000 recvbuff 0x620000000 count 76032 datatype 0 op 0 root 0 comm 0x11fde5b0 [nranks=4] stream
0xa1484d0\neb76fba8c946:231195:235878 [0] NCCL INFO AllGather: opCount 10b sendbuff 0x645200000 recvbuff 0x620000000 count 76032 datatype 0 op 0 root 0 comm 0x125e5b40 [nranks=4] stream
0xa2cbd00\neb76fba8c946:231195:235878 [0] NCCL INFO 304128 Bytes -> Algo 1 proto 2 time
44.507996\neb76fba8c946:231196:235877 [1] NCCL INFO AllGather: opCount 10b sendbuff 0x645200000 recvbuff 0x620000000 count 76032 datatype 0 op 0 root 0 comm 0x12b18d40 [nranks=4] stream
0xb377ee0\neb76fba8c946:231197:235876 [2] NCCL INFO AllGather: opCount 10c sendbuff 0x645200000 recvbuff 0x620000000 count 76032 datatype 0 op 0 root 0 comm 0x11e5d3e0 [nranks=4] stream
0xa721040\neb76fba8c946:231198:235879 [3] NCCL INFO AllGather: opCount 10c sendbuff 0x645200000 recvbuff 0x620000000 count 76032 datatype 0 op 0 root 0 comm 0x11fde5b0 [nranks=4] stream
0xa1484d0\neb76fba8c946:231195:235878 [0] NCCL INFO AllGather: opCount 10c sendbuff 0x645200000 recvbuff 0x620000000 count 76032 datatype 0 op 0 root 0 comm 0x125e5b40 [nranks=4] stream
0xa2cbd00\neb76fba8c946:231195:235878 [0] NCCL INFO 304128 Bytes -> Algo 1 proto 2 time
44.507996\neb76fba8c946:231196:235877 [1] NCCL INFO AllGather: opCount 10c sendbuff 0x645200000 recvbuff 0x620000000 count 76032 datatype 0 op 0 root 0 comm 0x12b18d40 [nranks=4] stream
0xb377ee0\neb76fba8c946:231197:235876 [2] NCCL INFO AllGather: opCount 10d sendbuff 0x645200000 recvbuff 0x620000000 count 76032 datatype 0 op 0 root 0 comm 0x11e5d3e0 [nranks=4] stream
0xa721040\neb76fba8c946:231195:235878 [0] NCCL INFO AllGather: opCount 10d sendbuff 0x645200000 recvbuff 0x620000000 count 76032 datatype 0 op 0 root 0 comm 0x125e5b40 [nranks=4] stream
0xa2cbd00\neb76fba8c946:231195:235878 [0] NCCL INFO 304128 Bytes -> Algo 1 proto 2 time
44.507996\neb76fba8c946:231196:235877 [1] NCCL INFO AllGather: opCount 10d sendbuff 0x645200000 recvbuff 0x620000000 count 76032 datatype 0 op 0 root 0 comm 0x12b18d40 [nranks=4] stream
0xb377ee0\neb76fba8c946:231198:235879 [3] NCCL INFO AllGather: opCount 10d sendbuff 0x645200000 recvbuff 0x620000000 count 76032 datatype 0 op 0 root 0 comm 0x11fde5b0 [nranks=4] stream
0xa1484d0\neb76fba8c946:231195:235878 [0] NCCL INFO AllGather: opCount 10e sendbuff 0x645200000 recvbuff 0x620000000 count 76032 datatype 0 op 0 root 0 comm 0x125e5b40 [nranks=4] stream
0xa2cbd00\neb76fba8c946:231195:235878 [0] NCCL INFO 304128 Bytes -> Algo 1 proto 2 time
44.507996\neb76fba8c946:231196:235877 [1] NCCL INFO AllGather: opCount 10e sendbuff 0x645200000 recvbuff 0x620000000 count 76032 datatype 0 op 0 root 0 comm 0x12b18d40 [nranks=4] stream
0xb377ee0\neb76fba8c946:231197:235876 [2] NCCL INFO AllGather: opCount 10e sendbuff 0x645200000 recvbuff 0x620000000 count 76032 datatype 0 op 0 root 0 comm 0x11e5d3e0 [nranks=4] stream
0xa721040\neb76fba8c946:231198:235879 [3] NCCL INFO AllGather: opCount 10e sendbuff 0x645200000 recvbuff 0x620000000 count 76032 datatype 0 op 0 root 0 comm 0x11fde5b0 [nranks=4] stream
0xa1484d0\neb76fba8c946:231197:235876 [2] NCCL INFO AllGather: opCount 10f sendbuff 0x645200000 recvbuff 0x620000000 count 76032 datatype 0 op 0 root 0 comm 0x11e5d3e0 [nranks=4] stream
0xa721040\neb76fba8c946:231196:235877 [1] NCCL INFO AllGather: opCount 10f sendbuff 0x645200000 recvbuff 0x620000000 count 76032 datatype 0 op 0 root 0 comm 0x12b18d40 [nranks=4] stream
0xb377ee0\neb76fba8c946:231198:235879 [3] NCCL INFO AllGather: opCount 10f sendbuff 0x645200000 recvbuff 0x620000000 count 76032 datatype 0 op 0 root 0 comm 0x11fde5b0 [nranks=4] stream
0xa1484d0\neb76fba8c946:231195:235878 [0] NCCL INFO AllGather: opCount 10f sendbuff 0x645200000 recvbuff 0x620000000 count 76032 datatype 0 op 0 root 0 comm 0x125e5b40 [nranks=4] stream
0xa2cbd00\neb76fba8c946:231195:235878 [0] NCCL INFO 304128 Bytes -> Algo 1 proto 2 time 44.507996\nInput [Text 0]: \".<|im_end|>\n<|im_start|>user\nSystem: \u0e04\u0e38\u0e13\u0e04\u0e37\u0e2d\u0e1c\u0e39\u0e49\u0e41\u0e1b\u0e25\u0e20\u0e32\u0e29\u0e32\u0e2d\u0e31\u0e07\u0e01\u0e24\u0e29\u0e40\u0e1b\u0e47\u0e19\u0e20\u0e32\u0e29\u0e32\u0e44\u0e17\u0e22\u0e21\u0e37\u0e2d\u0e2d\u0e32\u0e0a\u0e35\u0e1e\nUser: \u0e04\u0e33\u0e16\u0e32\u0e21: Find the degree for the given field extension Q(sqrt(2), sqrt(3), sqrt(18)) over Q.\n\n\u0e15\u0e31\u0e27\u0e40\u0e25\u0e37\u0e2d\u0e01:\n\u0e15\u0e31\u0e27\u0e40\u0e25\u0e37\u0e2d\u0e01\u0e17\u0e35\u0e48 1: 0 (\u0e15\u0e31\u0e27\u0e40\u0e25\u0e02 - \u0e04\u0e07\u0e44\u0e27\u0e49\u0e15\u0e32\u0e21\u0e40\u0e14\u0e34\u0e21)\n\u0e15\u0e31\u0e27\u0e40\u0e25\u0e37\u0e2d\u0e01\u0e17\u0e35\u0e48 2: 4 (\u0e15\u0e31\u0e27\u0e40\u0e25\u0e02 - \u0e04\u0e07\u0e44\u0e27\u0e49\u0e15\u0e32\u0e21\u0e40\u0e14\u0e34\u0e21)\n\u0e15\u0e31\u0e27\u0e40\u0e25\u0e37\u0e2d\u0e01\u0e17\u0e35\u0e48 3: 2 (\u0e15\u0e31\u0e27\u0e40\u0e25\u0e02 - \u0e04\u0e07\u0e44\u0e27\u0e49\u0e15\u0e32\u0e21\u0e40\u0e14\u0e34\u0e21)\n\u0e15\u0e31\u0e27\u0e40\u0e25\u0e37\u0e2d\u0e01\u0e17\u0e35\u0e48 4: 6 (\u0e15\u0e31\u0e27\u0e40\u0e25\u0e02 - \u0e04\u0e07\u0e44\u0e27\u0e49\u0e15\u0e32\u0e21\u0e40\u0e14\u0e34\u0e21)\n\n\u0e04\u0e33\u0e41\u0e19\u0e30\u0e19\u0e33:\n1. \u0e41\u0e1b\u0e25\u0e04\u0e33\u0e16\u0e32\u0e21\u0e40\u0e1b\u0e47\u0e19\u0e20\u0e32\u0e29\u0e32\u0e44\u0e17\u0e22\n2. \u0e2a\u0e33\u0e2b\u0e23\u0e31\u0e1a\u0e15\u0e31\u0e27\u0e40\u0e25\u0e37\u0e2d\u0e01:\n   - \u0e16\u0e49\u0e32\u0e21\u0e35\u0e40\u0e04\u0e23\u0e37\u0e48\u0e2d\u0e07\u0e2b\u0e21\u0e32\u0e22 '\u0e15\u0e31\u0e27\u0e40\u0e25\u0e02 - \u0e04\u0e07\u0e44\u0e27\u0e49\u0e15\u0e32\u0e21\u0e40\u0e14\u0e34\u0e21' \u0e43\u0e2b\u0e49\u0e04\u0e07\u0e15\u0e31\u0e27\u0e40\u0e25\u0e02\u0e44\u0e27\u0e49\u0e15\u0e32\u0e21\u0e40\u0e14\u0e34\u0e21\n   - \u0e16\u0e49\u0e32\u0e21\u0e35\u0e40\u0e04\u0e23\u0e37\u0e48\u0e2d\u0e07\u0e2b\u0e21\u0e32\u0e22 '\u0e41\u0e1b\u0e25' \u0e43\u0e2b\u0e49\u0e41\u0e1b\u0e25\u0e02\u0e49\u0e2d\u0e04\u0e27\u0e32\u0e21\u0e40\u0e1b\u0e47\u0e19\u0e20\u0e32\u0e29\u0e32\u0e44\u0e17\u0e22\n3. \u0e14\u0e39\u0e15\u0e31\u0e27\u0e2d\u0e22\u0e48\u0e32\u0e07\u0e15\u0e48\u0e2d\u0e44\u0e1b\u0e19\u0e35\u0e49:\n\n\u0e15\u0e31\u0e27\u0e2d\u0e22\u0e48\u0e32\u0e07\u0e17\u0e35\u0e48 1 (\u0e40\u0e09\u0e1e\u0e32\u0e30\u0e15\u0e31\u0e27\u0e40\u0e25\u0e02):\n\u0e04\u0e33\u0e16\u0e32\u0e21: What is the square root of 16?\n\u0e15\u0e31\u0e27\u0e40\u0e25\u0e37\u0e2d\u0e01:\n\u0e15\u0e31\u0e27\u0e40\u0e25\u0e37\u0e2d\u0e01\u0e17\u0e35\u0e48 1: \"2\" (\u0e15\u0e31\u0e27\u0e40\u0e25\u0e02 - \u0e04\u0e07\u0e44\u0e27\u0e49\u0e15\u0e32\u0e21\u0e40\u0e14\u0e34\u0e21)\n\u0e15\u0e31\u0e27\u0e40\u0e25\u0e37\u0e2d\u0e01\u0e17\u0e35\u0e48 2: \"4\" (\u0e15\u0e31\u0e27\u0e40\u0e25\u0e02 - \u0e04\u0e07\u0e44\u0e27\u0e49\u0e15\u0e32\u0e21\u0e40\u0e14\u0e34\u0e21)\n\u0e15\u0e31\u0e27\u0e40\u0e25\u0e37\u0e2d\u0e01\u0e17\u0e35\u0e48 3: \"8\" (\u0e15\u0e31\u0e27\u0e40\u0e25\u0e02 - \u0e04\u0e07\u0e44\u0e27\u0e49\u0e15\u0e32\u0e21\u0e40\u0e14\u0e34\u0e21)\n\u0e15\u0e31\u0e27\u0e40\u0e25\u0e37\u0e2d\u0e01\u0e17\u0e35\u0e48 4: \"16\" (\u0e15\u0e31\u0e27\u0e40\u0e25\u0e02 - \u0e04\u0e07\u0e44\u0e27\u0e49\u0e15\u0e32\u0e21\u0e40\u0e14\u0e34\u0e21)\n\n\u0e04\u0e33\u0e15\u0e2d\u0e1a\u0e17\u0e35\u0e48\u0e15\u0e49\u0e2d\u0e07\u0e01\u0e32\u0e23:\n\u0e04\u0e33\u0e16\u0e32\u0e21: \u0e23\u0e32\u0e01\u0e17\u0e35\u0e48\u0e2a\u0e2d\u0e07\u0e02\u0e2d\u0e07 16 \u0e04\u0e37\u0e2d\u0e40\u0e17\u0e48\u0e32\u0e44\u0e23?\n\n\u0e15\u0e31\u0e27\u0e40\u0e25\u0e37\u0e2d\u0e01:\n1. \"2\"\n2. \"4\"\n3. \"8\"\n4. \"16\"\n\n\u0e15\u0e31\u0e27\u0e2d\u0e22\u0e48\u0e32\u0e07\u0e17\u0e35\u0e48 2 (\u0e1c\u0e2a\u0e21\u0e23\u0e30\u0e2b\u0e27\u0e48\u0e32\u0e07\u0e02\u0e49\u0e2d\u0e04\u0e27\u0e32\u0e21\u0e41\u0e25\u0e30\u0e15\u0e31\u0e27\u0e40\u0e25\u0e02):\n\u0e04\u0e33\u0e16\u0e32\u0e21: Which mathematical operation should be performed first?\n\u0e15\u0e31\u0e27\u0e40\u0e25\u0e37\u0e2d\u0e01:\n\u0e15\u0e31\u0e27\u0e40\u0e25\u0e37\u0e2d\u0e01\u0e17\u0e35\u0e48 1: \"Addition\" (\u0e41\u0e1b\u0e25)\n\u0e15\u0e31\u0e27\u0e40\u0e25\u0e37\u0e2d\u0e01\u0e17\u0e35\u0e48 2: \"2.5\" (\u0e15\u0e31\u0e27\u0e40\u0e25\u0e02 - \u0e04\u0e07\u0e44\u0e27\u0e49\u0e15\u0e32\u0e21\u0e40\u0e14\u0e34\u0e21)\n\u0e15\u0e31\u0e27\u0e40\u0e25\u0e37\u0e2d\u0e01\u0e17\u0e35\u0e48 3: \"Multiplication\" (\u0e41\u0e1b\u0e25)\n\u0e15\u0e31\u0e27\u0e40\u0e25\u0e37\u0e2d\u0e01\u0e17\u0e35\u0e48 4: \"Division\" (\u0e41\u0e1b\u0e25)\n\n\u0e04\u0e33\u0e15\u0e2d\u0e1a\u0e17\u0e35\u0e48\u0e15\u0e49\u0e2d\u0e07\u0e01\u0e32\u0e23:\n\u0e04\u0e33\u0e16\u0e32\u0e21: \u0e04\u0e27\u0e23\u0e17\u0e33\u0e01\u0e32\u0e23\u0e14\u0e33\u0e40\u0e19\u0e34\u0e19\u0e01\u0e32\u0e23\u0e17\u0e32\u0e07\u0e04\u0e13\u0e34\u0e15\u0e28\u0e32\u0e2a\u0e15\u0e23\u0e4c\u0e43\u0e14\u0e01\u0e48\u0e2d\u0e19?\n\n\u0e15\u0e31\u0e27\u0e40\u0e25\u0e37\u0e2d\u0e01:\n1. \"\u0e01\u0e32\u0e23\u0e1a\u0e27\u0e01\"\n2. \"2.5\"\n3. \"\u0e01\u0e32\u0e23\u0e04\u0e39\u0e13\"\n4. \"\u0e01\u0e32\u0e23\u0e2b\u0e32\u0e23\"\n\n\u0e15\u0e31\u0e27\u0e2d\u0e22\u0e48\u0e32\u0e07\u0e17\u0e35\u0e48 3 (\u0e40\u0e09\u0e1e\u0e32\u0e30\u0e02\u0e49\u0e2d\u0e04\u0e27\u0e32\u0e21):\n\u0e04\u0e33\u0e16\u0e32\u0e21: Which of the following is a prime number?\n\u0e15\u0e31\u0e27\u0e40\u0e25\u0e37\u0e2d\u0e01:\n\u0e15\u0e31\u0e27\u0e40\u0e25\u0e37\u0e2d\u0e01\u0e17\u0e35\u0e48 1: \"First option\" (\u0e41\u0e1b\u0e25)\n\u0e15\u0e31\u0e27\u0e40\u0e25\u0e37\u0e2d\u0e01\u0e17\u0e35\u0e48 2: \"Second option\" (\u0e41\u0e1b\u0e25)\n\u0e15\u0e31\u0e27\u0e40\u0e25\u0e37\u0e2d\u0e01\u0e17\u0e35\u0e48 3: \"Third option\" (\u0e41\u0e1b\u0e25)\n\u0e15\u0e31\u0e27\u0e40\u0e25\u0e37\u0e2d\u0e01\u0e17\u0e35\u0e48 4: \"Fourth option\" (\u0e41\u0e1b\u0e25)\n\n\u0e04\u0e33\u0e15\u0e2d\u0e1a\u0e17\u0e35\u0e48\u0e15\u0e49\u0e2d\u0e07\u0e01\u0e32\u0e23:\n\u0e04\u0e33\u0e16\u0e32\u0e21: \u0e08\u0e33\u0e19\u0e27\u0e19\u0e43\u0e14\u0e15\u0e48\u0e2d\u0e44\u0e1b\u0e19\u0e35\u0e49\u0e40\u0e1b\u0e47\u0e19\u0e08\u0e33\u0e19\u0e27\u0e19\u0e40\u0e09\u0e1e\u0e32\u0e30?\n\n\u0e15\u0e31\u0e27\u0e40\u0e25\u0e37\u0e2d\u0e01:\n1. \"\u0e15\u0e31\u0e27\u0e40\u0e25\u0e37\u0e2d\u0e01\u0e17\u0e35\u0e48\u0e2b\u0e19\u0e36\u0e48\u0e07\"\n2. \"\u0e15\u0e31\u0e27\u0e40\u0e25\u0e37\u0e2d\u0e01\u0e17\u0e35\u0e48\u0e2a\u0e2d\u0e07\"\n3. \"\u0e15\u0e31\u0e27\u0e40\u0e25\u0e37\u0e2d\u0e01\u0e17\u0e35\u0e48\u0e2a\u0e32\u0e21\"\n4. \"\u0e15\u0e31\u0e27\u0e40\u0e25\u0e37\u0e2d\u0e01\u0e17\u0e35\u0e48\u0e2a\u0e35\u0e48\"\n\n\u0e01\u0e23\u0e38\u0e13\u0e32\u0e41\u0e1b\u0e25\u0e42\u0e08\u0e17\u0e22\u0e4c\u0e19\u0e35\u0e49:\n\u0e04\u0e33\u0e16\u0e32\u0e21: [\u0e04\u0e33\u0e41\u0e1b\u0e25\u0e20\u0e32\u0e29\u0e32\u0e44\u0e17\u0e22]\n\n\u0e15\u0e31\u0e27\u0e40\u0e25\u0e37\u0e2d\u0e01:\n1. [\u0e04\u0e33\u0e41\u0e1b\u0e25\u0e20\u0e32\u0e29\u0e32\u0e44\u0e17\u0e22\u0e2b\u0e23\u0e37\u0e2d\u0e15\u0e31\u0e27\u0e40\u0e25\u0e02\u0e15\u0e32\u0e21\u0e40\u0e14\u0e34\u0e21]\n2. [\u0e04\u0e33\u0e41\u0e1b\u0e25\u0e20\u0e32\u0e29\u0e32\u0e44\u0e17\u0e22\u0e2b\u0e23\u0e37\u0e2d\u0e15\u0e31\u0e27\u0e40\u0e25\u0e02\u0e15\u0e32\u0e21\u0e40\u0e14\u0e34\u0e21]\n3. [\u0e04\u0e33\u0e41\u0e1b\u0e25\u0e20\u0e32\u0e29\u0e32\u0e44\u0e17\u0e22\u0e2b\u0e23\u0e37\u0e2d\u0e15\u0e31\u0e27\u0e40\u0e25\u0e02\u0e15\u0e32\u0e21\u0e40\u0e14\u0e34\u0e21]\n4. [\u0e04\u0e33\u0e41\u0e1b\u0e25\u0e20\u0e32\u0e29\u0e32\u0e44\u0e17\u0e22\u0e2b\u0e23\u0e37\u0e2d\u0e15\u0e31\u0e27\u0e40\u0e25\u0e02\u0e15\u0e32\u0e21\u0e40\u0e14\u0e34\u0e21]\n<|im_end|>\n<|im_start|>assistant\n\"\nOutput [Text 0 Beam 0]: \"\u0e04\u0e33\u0e16\u0e32\u0e21: \u0e2b\u0e32\u0e14\u0e35\u0e01\u0e23\u0e35\u0e02\u0e2d\u0e07\u0e1f\u0e34\u0e25\u0e14\u0e4c\u0e02\u0e22\u0e32\u0e22 Q(sqrt(2), sqrt(3), sqrt(18)) \u0e40\u0e2b\u0e19\u0e37\u0e2d Q\n\n\u0e15\u0e31\u0e27\u0e40\u0e25\u0e37\u0e2d\u0e01:\n1. 0 (\u0e15\u0e31\u0e27\u0e40\u0e25\u0e02 - \u0e04\u0e07\u0e44\u0e27\u0e49\u0e15\u0e32\u0e21\u0e40\u0e14\u0e34\u0e21)\n2. 4 (\u0e15\u0e31\u0e27\u0e40\u0e25\u0e02 - \u0e04\u0e07\u0e44\u0e27\u0e49\u0e15\u0e32\u0e21\u0e40\u0e14\u0e34\u0e21)\n3. 2 (\u0e15\u0e31\u0e27\u0e40\u0e25\u0e02 - \u0e04\u0e07\u0e44\u0e27\u0e49\u0e15\u0e32\u0e21\u0e40\u0e14\u0e34\u0e21)\n4. 6 (\u0e15\u0e31\u0e27\u0e40\u0e25\u0e02 - \u0e04\u0e07\u0e44\u0e27\u0e49\u0e15\u0e32\u0e21\u0e40\u0e14\u0e34\u0e21)\"\n[TensorRT-LLM][INFO] Refreshed the MPI local session\n[TensorRT-LLM][INFO] Refreshed the MPI local session\n[TensorRT-LLM][INFO] Refreshed the MPI local session\n[TensorRT-LLM][INFO] Refreshed the MPI local
session\neb76fba8c946:231198:235764 [3] NCCL INFO Received and initiated operation=Stop
res=0\neb76fba8c946:231198:235764 [3] NCCL INFO Received and initiated operation=Close
res=0\neb76fba8c946:231197:235762 [2] NCCL INFO Received and initiated operation=Stop
res=0\neb76fba8c946:231197:235762 [2] NCCL INFO Received and initiated operation=Close
res=0\neb76fba8c946:231196:235763 [1] NCCL INFO Received and initiated operation=Stop
res=0\neb76fba8c946:231196:235763 [1] NCCL INFO Received and initiated operation=Close
res=0\neb76fba8c946:231195:235761 [0] NCCL INFO Received and initiated operation=Stop
res=0\neb76fba8c946:231195:235761 [0] NCCL INFO Received and initiated operation=Close
res=0\neb76fba8c946:231195:235765 [0] NCCL INFO [Proxy Service UDS] exit: stop 1 abortFlag
0\neb76fba8c946:231196:235768 [1] NCCL INFO [Proxy Service UDS] exit: stop 1 abortFlag
0\neb76fba8c946:231197:235766 [2] NCCL INFO [Proxy Service UDS] exit: stop 1 abortFlag
0\neb76fba8c946:231198:235767 [3] NCCL INFO [Proxy Service UDS] exit: stop 1 abortFlag
0\neb76fba8c946:231195:231195 [0] NCCL INFO comm 0x125e5b40 rank 0 nranks 4 cudaDev 0 busId 87000 - Destroy
COMPLETE\neb76fba8c946:231198:231198 [3] NCCL INFO comm 0x11fde5b0 rank 3 nranks 4 cudaDev 3 busId bd000 - Destroy
COMPLETE\neb76fba8c946:231197:231197 [2] NCCL INFO comm 0x11e5d3e0 rank 2 nranks 4 cudaDev 2 busId b7000 - Destroy
